Archive member included to satisfy reference by file (symbol)

/home/projeteea/.cache/arduino/sketches/29421CC1A0C2C8865B6B1C9817F0A8E1/../../cores/arduino_samd_mkrwifi1010_2cde0e999f827566040ed06f956e5881/core.a(SERCOM.cpp.o)
                              /home/projeteea/.cache/arduino/sketches/29421CC1A0C2C8865B6B1C9817F0A8E1/core/variant.cpp.o (SERCOM::SERCOM(Sercom*))
/home/projeteea/.cache/arduino/sketches/29421CC1A0C2C8865B6B1C9817F0A8E1/../../cores/arduino_samd_mkrwifi1010_2cde0e999f827566040ed06f956e5881/core.a(CDC.cpp.o)
                              /home/projeteea/.cache/arduino/sketches/29421CC1A0C2C8865B6B1C9817F0A8E1/sketch/MY_PIC.ino.cpp.o (Serial_::begin(unsigned long))
/home/projeteea/.cache/arduino/sketches/29421CC1A0C2C8865B6B1C9817F0A8E1/../../cores/arduino_samd_mkrwifi1010_2cde0e999f827566040ed06f956e5881/core.a(USBCore.cpp.o)
                              /home/projeteea/.cache/arduino/sketches/29421CC1A0C2C8865B6B1C9817F0A8E1/../../cores/arduino_samd_mkrwifi1010_2cde0e999f827566040ed06f956e5881/core.a(CDC.cpp.o) (usbd)
/home/projeteea/.cache/arduino/sketches/29421CC1A0C2C8865B6B1C9817F0A8E1/../../cores/arduino_samd_mkrwifi1010_2cde0e999f827566040ed06f956e5881/core.a(Uart.cpp.o)
                              /home/projeteea/.cache/arduino/sketches/29421CC1A0C2C8865B6B1C9817F0A8E1/core/variant.cpp.o (Uart::Uart(SERCOM*, unsigned char, unsigned char, SercomRXPad, SercomUartTXPad, unsigned char, unsigned char))
/home/projeteea/.cache/arduino/sketches/29421CC1A0C2C8865B6B1C9817F0A8E1/../../cores/arduino_samd_mkrwifi1010_2cde0e999f827566040ed06f956e5881/core.a(IPAddress.cpp.o)
                              /home/projeteea/.cache/arduino/sketches/29421CC1A0C2C8865B6B1C9817F0A8E1/libraries/WiFiNINA/WiFi.cpp.o (arduino::IPAddress::IPAddress())
/home/projeteea/.cache/arduino/sketches/29421CC1A0C2C8865B6B1C9817F0A8E1/../../cores/arduino_samd_mkrwifi1010_2cde0e999f827566040ed06f956e5881/core.a(PluggableUSB.cpp.o)
                              /home/projeteea/.cache/arduino/sketches/29421CC1A0C2C8865B6B1C9817F0A8E1/../../cores/arduino_samd_mkrwifi1010_2cde0e999f827566040ed06f956e5881/core.a(USBCore.cpp.o) (arduino::PluggableUSB_::getInterface(unsigned char*))
/home/projeteea/.cache/arduino/sketches/29421CC1A0C2C8865B6B1C9817F0A8E1/../../cores/arduino_samd_mkrwifi1010_2cde0e999f827566040ed06f956e5881/core.a(Print.cpp.o)
                              /home/projeteea/.cache/arduino/sketches/29421CC1A0C2C8865B6B1C9817F0A8E1/../../cores/arduino_samd_mkrwifi1010_2cde0e999f827566040ed06f956e5881/core.a(Uart.cpp.o) (arduino::Print::write(unsigned char const*, unsigned int))
/home/projeteea/.cache/arduino/sketches/29421CC1A0C2C8865B6B1C9817F0A8E1/../../cores/arduino_samd_mkrwifi1010_2cde0e999f827566040ed06f956e5881/core.a(String.cpp.o)
                              /home/projeteea/.cache/arduino/sketches/29421CC1A0C2C8865B6B1C9817F0A8E1/sketch/MY_PIC.ino.cpp.o (arduino::String::~String())
/home/projeteea/.cache/arduino/sketches/29421CC1A0C2C8865B6B1C9817F0A8E1/../../cores/arduino_samd_mkrwifi1010_2cde0e999f827566040ed06f956e5881/core.a(dtostrf.c.o)
                              /home/projeteea/.cache/arduino/sketches/29421CC1A0C2C8865B6B1C9817F0A8E1/../../cores/arduino_samd_mkrwifi1010_2cde0e999f827566040ed06f956e5881/core.a(String.cpp.o) (dtostrf)
/home/projeteea/.cache/arduino/sketches/29421CC1A0C2C8865B6B1C9817F0A8E1/../../cores/arduino_samd_mkrwifi1010_2cde0e999f827566040ed06f956e5881/core.a(cortex_handlers.c.o)
                              (Reset_Handler)
/home/projeteea/.cache/arduino/sketches/29421CC1A0C2C8865B6B1C9817F0A8E1/../../cores/arduino_samd_mkrwifi1010_2cde0e999f827566040ed06f956e5881/core.a(delay.c.o)
                              /home/projeteea/.cache/arduino/sketches/29421CC1A0C2C8865B6B1C9817F0A8E1/libraries/WiFiNINA/WiFi.cpp.o (millis)
/home/projeteea/.cache/arduino/sketches/29421CC1A0C2C8865B6B1C9817F0A8E1/../../cores/arduino_samd_mkrwifi1010_2cde0e999f827566040ed06f956e5881/core.a(hooks.c.o)
                              /home/projeteea/.cache/arduino/sketches/29421CC1A0C2C8865B6B1C9817F0A8E1/../../cores/arduino_samd_mkrwifi1010_2cde0e999f827566040ed06f956e5881/core.a(delay.c.o) (yield)
/home/projeteea/.cache/arduino/sketches/29421CC1A0C2C8865B6B1C9817F0A8E1/../../cores/arduino_samd_mkrwifi1010_2cde0e999f827566040ed06f956e5881/core.a(itoa.c.o)
                              /home/projeteea/.cache/arduino/sketches/29421CC1A0C2C8865B6B1C9817F0A8E1/../../cores/arduino_samd_mkrwifi1010_2cde0e999f827566040ed06f956e5881/core.a(String.cpp.o) (ltoa)
/home/projeteea/.cache/arduino/sketches/29421CC1A0C2C8865B6B1C9817F0A8E1/../../cores/arduino_samd_mkrwifi1010_2cde0e999f827566040ed06f956e5881/core.a(main.cpp.o)
                              /home/projeteea/.arduino15/packages/arduino/tools/arm-none-eabi-gcc/7-2017q4/bin/../lib/gcc/arm-none-eabi/7.2.1/../../../../arm-none-eabi/lib/thumb/v6-m/crt0.o (main)
[...]
Memory Configuration

Name             Origin             Length             Attributes
FLASH            0x0000000000002000 0x000000000003e000 xr
RAM              0x0000000020000000 0x0000000000008000 xrw
*default*        0x0000000000000000 0xffffffffffffffff

Linker script and memory map

LOAD /home/projeteea/.arduino15/packages/arduino/tools/arm-none-eabi-gcc/7-2017q4/bin/../lib/gcc/arm-none-eabi/7.2.1/thumb/v6-m/crti.o
LOAD /home/projeteea/.arduino15/packages/arduino/tools/arm-none-eabi-gcc/7-2017q4/bin/../lib/gcc/arm-none-eabi/7.2.1/thumb/v6-m/crtbegin.o
LOAD /home/projeteea/.arduino15/packages/arduino/tools/arm-none-eabi-gcc/7-2017q4/bin/../lib/gcc/arm-none-eabi/7.2.1/../../../../arm-none-eabi/lib/thumb/v6-m/crt0.o
LOAD /home/projeteea/.cache/arduino/sketches/29421CC1A0C2C8865B6B1C9817F0A8E1/sketch/MY_PIC.ino.cpp.o
LOAD /home/projeteea/.cache/arduino/sketches/29421CC1A0C2C8865B6B1C9817F0A8E1/libraries/WiFiNINA/WiFi.cpp.o
LOAD /home/projeteea/.cache/arduino/sketches/29421CC1A0C2C8865B6B1C9817F0A8E1/libraries/WiFiNINA/WiFiClient.cpp.o
LOAD /home/projeteea/.cache/arduino/sketches/29421CC1A0C2C8865B6B1C9817F0A8E1/libraries/WiFiNINA/WiFiPreferences.cpp.o
LOAD /home/projeteea/.cache/arduino/sketches/29421CC1A0C2C8865B6B1C9817F0A8E1/libraries/WiFiNINA/WiFiSSLClient.cpp.o
LOAD /home/projeteea/.cache/arduino/sketches/29421CC1A0C2C8865B6B1C9817F0A8E1/libraries/WiFiNINA/WiFiServer.cpp.o
LOAD /home/projeteea/.cache/arduino/sketches/29421CC1A0C2C8865B6B1C9817F0A8E1/libraries/WiFiNINA/WiFiStorage.cpp.o
LOAD /home/projeteea/.cache/arduino/sketches/29421CC1A0C2C8865B6B1C9817F0A8E1/libraries/WiFiNINA/WiFiUdp.cpp.o
LOAD /home/projeteea/.cache/arduino/sketches/29421CC1A0C2C8865B6B1C9817F0A8E1/libraries/WiFiNINA/utility/WiFiSocketBuffer.cpp.o
LOAD /home/projeteea/.cache/arduino/sketches/29421CC1A0C2C8865B6B1C9817F0A8E1/libraries/WiFiNINA/utility/nano_rp2040_support.cpp.o
LOAD /home/projeteea/.cache/arduino/sketches/29421CC1A0C2C8865B6B1C9817F0A8E1/libraries/WiFiNINA/utility/server_drv.cpp.o
LOAD /home/projeteea/.cache/arduino/sketches/29421CC1A0C2C8865B6B1C9817F0A8E1/libraries/WiFiNINA/utility/wifi_drv.cpp.o
LOAD /home/projeteea/.cache/arduino/sketches/29421CC1A0C2C8865B6B1C9817F0A8E1/libraries/Arduino_SpiNINA/spi_drv.cpp.o
LOAD /home/projeteea/.cache/arduino/sketches/29421CC1A0C2C8865B6B1C9817F0A8E1/libraries/SPI/SPI.cpp.o
LOAD /home/projeteea/.cache/arduino/sketches/29421CC1A0C2C8865B6B1C9817F0A8E1/core/variant.cpp.o
START GROUP
LOAD /home/projeteea/.arduino15/packages/arduino/tools/CMSIS/4.5.0/CMSIS/Lib/GCC//libarm_cortexM0l_math.a
LOAD /home/projeteea/.cache/arduino/sketches/29421CC1A0C2C8865B6B1C9817F0A8E1/../../cores/arduino_samd_mkrwifi1010_2cde0e999f827566040ed06f956e5881/core.a
END GROUP
LOAD /home/projeteea/.arduino15/packages/arduino/tools/arm-none-eabi-gcc/7-2017q4/bin/../lib/gcc/arm-none-eabi/7.2.1/../../../../arm-none-eabi/lib/thumb/v6-m/libstdc++_nano.a
LOAD /home/projeteea/.arduino15/packages/arduino/tools/arm-none-eabi-gcc/7-2017q4/bin/../lib/gcc/arm-none-eabi/7.2.1/../../../../arm-none-eabi/lib/thumb/v6-m/libm.a
START GROUP
LOAD /home/projeteea/.arduino15/packages/arduino/tools/arm-none-eabi-gcc/7-2017q4/bin/../lib/gcc/arm-none-eabi/7.2.1/thumb/v6-m/libgcc.a
LOAD /home/projeteea/.arduino15/packages/arduino/tools/arm-none-eabi-gcc/7-2017q4/bin/../lib/gcc/arm-none-eabi/7.2.1/../../../../arm-none-eabi/lib/thumb/v6-m/libc_nano.a
END GROUP
START GROUP
LOAD /home/projeteea/.arduino15/packages/arduino/tools/arm-none-eabi-gcc/7-2017q4/bin/../lib/gcc/arm-none-eabi/7.2.1/thumb/v6-m/libgcc.a
LOAD /home/projeteea/.arduino15/packages/arduino/tools/arm-none-eabi-gcc/7-2017q4/bin/../lib/gcc/arm-none-eabi/7.2.1/../../../../arm-none-eabi/lib/thumb/v6-m/libc_nano.a
LOAD /home/projeteea/.arduino15/packages/arduino/tools/arm-none-eabi-gcc/7-2017q4/bin/../lib/gcc/arm-none-eabi/7.2.1/../../../../arm-none-eabi/lib/thumb/v6-m/libnosys.a
END GROUP
START GROUP
LOAD /home/projeteea/.arduino15/packages/arduino/tools/arm-none-eabi-gcc/7-2017q4/bin/../lib/gcc/arm-none-eabi/7.2.1/thumb/v6-m/libgcc.a
LOAD /home/projeteea/.arduino15/packages/arduino/tools/arm-none-eabi-gcc/7-2017q4/bin/../lib/gcc/arm-none-eabi/7.2.1/../../../../arm-none-eabi/lib/thumb/v6-m/libc_nano.a
LOAD /home/projeteea/.arduino15/packages/arduino/tools/arm-none-eabi-gcc/7-2017q4/bin/../lib/gcc/arm-none-eabi/7.2.1/../../../../arm-none-eabi/lib/thumb/v6-m/libnosys.a
END GROUP
LOAD /home/projeteea/.arduino15/packages/arduino/tools/arm-none-eabi-gcc/7-2017q4/bin/../lib/gcc/arm-none-eabi/7.2.1/thumb/v6-m/crtend.o
LOAD /home/projeteea/.arduino15/packages/arduino/tools/arm-none-eabi-gcc/7-2017q4/bin/../lib/gcc/arm-none-eabi/7.2.1/thumb/v6-m/crtn.o

.text           0x0000000000002000     0x4cdc
                0x0000000000002000                __text_start__ = .
 *(.sketch_boot)
                0x0000000000002000                . = ALIGN (0x2000)
 *(.isr_vector)
 .isr_vector    0x0000000000002000       0xb4 /home/projeteea/.cache/arduino/sketches/29421CC1A0C2C8865B6B1C9817F0A8E1/../../cores/arduino_samd_mkrwifi1010_2cde0e999f827566040ed06f956e5881/core.a(cortex_handlers.c.o)
                0x0000000000002000                exception_table
 *(.text*)
 .text          0x00000000000020b4       0x48 /home/projeteea/.arduino15/packages/arduino/tools/arm-none-eabi-gcc/7-2017q4/bin/../lib/gcc/arm-none-eabi/7.2.1/thumb/v6-m/crtbegin.o
 .text.__tcf_0  0x00000000000020fc       0x30 /home/projeteea/.cache/arduino/sketches/29421CC1A0C2C8865B6B1C9817F0A8E1/sketch/MY_PIC.ino.cpp.o
 .text.startup._GLOBAL__sub_I_ssid
                0x000000000000212c       0x80 /home/projeteea/.cache/arduino/sketches/29421CC1A0C2C8865B6B1C9817F0A8E1/sketch/MY_PIC.ino.cpp.o
 .text.setup    0x00000000000021ac       0xa8 /home/projeteea/.cache/arduino/sketches/29421CC1A0C2C8865B6B1C9817F0A8E1/sketch/MY_PIC.ino.cpp.o
                0x00000000000021ac                setup
 .text.loop     0x0000000000002254      0x10c /home/projeteea/.cache/arduino/sketches/29421CC1A0C2C8865B6B1C9817F0A8E1/sketch/MY_PIC.ino.cpp.o
                0x0000000000002254                loop
 .text._ZN9WiFiClass7localIPEv
                0x0000000000002360       0x12 /home/projeteea/.cache/arduino/sketches/29421CC1A0C2C8865B6B1C9817F0A8E1/libraries/WiFiNINA/WiFi.cpp.o
                0x0000000000002360                WiFiClass::localIP()
 .text._ZN9WiFiClass10hostByNameEPKcRN7arduino9IPAddressE
                0x0000000000002372        0xc /home/projeteea/.cache/arduino/sketches/29421CC1A0C2C8865B6B1C9817F0A8E1/libraries/WiFiNINA/WiFi.cpp.o
                0x0000000000002372                WiFiClass::hostByName(char const*, arduino::IPAddress&)
 .text._ZN9WiFiClass12feedWatchdogEv
                0x000000000000237e        0xc /home/projeteea/.cache/arduino/sketches/29421CC1A0C2C8865B6B1C9817F0A8E1/libraries/WiFiNINA/WiFi.cpp.o
                0x000000000000237e                WiFiClass::feedWatchdog()
 .text._ZN9WiFiClass5beginEPKcS1_
                0x000000000000238a       0x56 /home/projeteea/.cache/arduino/sketches/29421CC1A0C2C8865B6B1C9817F0A8E1/libraries/WiFiNINA/WiFi.cpp.o
                0x000000000000238a                WiFiClass::begin(char const*, char const*)
 .text.startup._GLOBAL__sub_I__ZN9WiFiClassC2Ev
                0x00000000000023e0       0x14 /home/projeteea/.cache/arduino/sketches/29421CC1A0C2C8865B6B1C9817F0A8E1/libraries/WiFiNINA/WiFi.cpp.o
 .text._ZN7arduino5Print17availableForWriteEv
                0x00000000000023f4        0x4 /home/projeteea/.cache/arduino/sketches/29421CC1A0C2C8865B6B1C9817F0A8E1/libraries/WiFiNINA/WiFiClient.cpp.o
                0x00000000000023f4                arduino::Print::availableForWrite()
 .text._ZN7WiFiUDP4readEPcj
                0x00000000000023f8        0xa /home/projeteea/.cache/arduino/sketches/29421CC1A0C2C8865B6B1C9817F0A8E1/libraries/WiFiNINA/WiFiUdp.cpp.o
                0x00000000000023f8                WiFiUDP::read(char*, unsigned int)
 .text._ZN7WiFiUDP9availableEv
                0x0000000000002402        0x4 /home/projeteea/.cache/arduino/sketches/29421CC1A0C2C8865B6B1C9817F0A8E1/libraries/WiFiNINA/WiFiUdp.cpp.o
                0x0000000000002402                WiFiUDP::available()
 .text._ZN7WiFiUDP5writeEh
                0x0000000000002406       0x14 /home/projeteea/.cache/arduino/sketches/29421CC1A0C2C8865B6B1C9817F0A8E1/libraries/WiFiNINA/WiFiUdp.cpp.o
                0x0000000000002406                WiFiUDP::write(unsigned char)
 .text._ZN7WiFiUDP5flushEv
                0x000000000000241a        0x2 /home/projeteea/.cache/arduino/sketches/29421CC1A0C2C8865B6B1C9817F0A8E1/libraries/WiFiNINA/WiFiUdp.cpp.o
                0x000000000000241a                WiFiUDP::flush()
 .text._ZN7WiFiUDP5beginEt
                0x000000000000241c       0x34 /home/projeteea/.cache/arduino/sketches/29421CC1A0C2C8865B6B1C9817F0A8E1/libraries/WiFiNINA/WiFiUdp.cpp.o
                0x000000000000241c                WiFiUDP::begin(unsigned short)
 .text._ZN7WiFiUDP14beginMulticastEN7arduino9IPAddressEt
                0x0000000000002450       0x3c /home/projeteea/.cache/arduino/sketches/29421CC1A0C2C8865B6B1C9817F0A8E1/libraries/WiFiNINA/WiFiUdp.cpp.o
                0x0000000000002450                WiFiUDP::beginMulticast(arduino::IPAddress, unsigned short)
 .text._ZN7WiFiUDP4stopEv
                0x000000000000248c       0x20 /home/projeteea/.cache/arduino/sketches/29421CC1A0C2C8865B6B1C9817F0A8E1/libraries/WiFiNINA/WiFiUdp.cpp.o
                0x000000000000248c                WiFiUDP::stop()
 .text._ZN7WiFiUDP11beginPacketEPKct
                0x00000000000024ac       0x40 /home/projeteea/.cache/arduino/sketches/29421CC1A0C2C8865B6B1C9817F0A8E1/libraries/WiFiNINA/WiFiUdp.cpp.o
                0x00000000000024ac                WiFiUDP::beginPacket(char const*, unsigned short)
 .text._ZN7WiFiUDP11beginPacketEN7arduino9IPAddressEt
                0x00000000000024ec       0x2a /home/projeteea/.cache/arduino/sketches/29421CC1A0C2C8865B6B1C9817F0A8E1/libraries/WiFiNINA/WiFiUdp.cpp.o
                0x00000000000024ec                WiFiUDP::beginPacket(arduino::IPAddress, unsigned short)
 .text._ZN7WiFiUDP9endPacketEv
                0x0000000000002516        0xa /home/projeteea/.cache/arduino/sketches/29421CC1A0C2C8865B6B1C9817F0A8E1/libraries/WiFiNINA/WiFiUdp.cpp.o
                0x0000000000002516                WiFiUDP::endPacket()
 .text._ZN7WiFiUDP5writeEPKhj
                0x0000000000002520       0x10 /home/projeteea/.cache/arduino/sketches/29421CC1A0C2C8865B6B1C9817F0A8E1/libraries/WiFiNINA/WiFiUdp.cpp.o
                0x0000000000002520                WiFiUDP::write(unsigned char const*, unsigned int)
 .text._ZN7WiFiUDP4readEv
                0x0000000000002530       0x30 /home/projeteea/.cache/arduino/sketches/29421CC1A0C2C8865B6B1C9817F0A8E1/libraries/WiFiNINA/WiFiUdp.cpp.o
                0x0000000000002530                WiFiUDP::read()
 .text._ZN7WiFiUDP11parsePacketEv
                0x0000000000002560       0x2c /home/projeteea/.cache/arduino/sketches/29421CC1A0C2C8865B6B1C9817F0A8E1/libraries/WiFiNINA/WiFiUdp.cpp.o
                0x0000000000002560                WiFiUDP::parsePacket()
 .text._ZN7WiFiUDP4peekEv
                0x000000000000258c       0x1c /home/projeteea/.cache/arduino/sketches/29421CC1A0C2C8865B6B1C9817F0A8E1/libraries/WiFiNINA/WiFiUdp.cpp.o
                0x000000000000258c                WiFiUDP::peek()
 .text._ZN7WiFiUDP10remotePortEv
                0x00000000000025a8       0x22 /home/projeteea/.cache/arduino/sketches/29421CC1A0C2C8865B6B1C9817F0A8E1/libraries/WiFiNINA/WiFiUdp.cpp.o
                0x00000000000025a8                WiFiUDP::remotePort()
 .text._ZN7WiFiUDP8remoteIPEv
                0x00000000000025ca       0x20 /home/projeteea/.cache/arduino/sketches/29421CC1A0C2C8865B6B1C9817F0A8E1/libraries/WiFiNINA/WiFiUdp.cpp.o
                0x00000000000025ca                WiFiUDP::remoteIP()
 *fill*         0x00000000000025ea        0x2 
 .text._ZN7WiFiUDP4readEPhj
                0x00000000000025ec       0x2c /home/projeteea/.cache/arduino/sketches/29421CC1A0C2C8865B6B1C9817F0A8E1/libraries/WiFiNINA/WiFiUdp.cpp.o
                0x00000000000025ec                WiFiUDP::read(unsigned char*, unsigned int)
 .text._ZN7WiFiUDPC2Ev
                0x0000000000002618       0x1c /home/projeteea/.cache/arduino/sketches/29421CC1A0C2C8865B6B1C9817F0A8E1/libraries/WiFiNINA/WiFiUdp.cpp.o
                0x0000000000002618                WiFiUDP::WiFiUDP()
                0x0000000000002618                WiFiUDP::WiFiUDP()
 .text._ZN21WiFiSocketBufferClassC2Ev
                0x0000000000002634       0x10 /home/projeteea/.cache/arduino/sketches/29421CC1A0C2C8865B6B1C9817F0A8E1/libraries/WiFiNINA/utility/WiFiSocketBuffer.cpp.o
                0x0000000000002634                WiFiSocketBufferClass::WiFiSocketBufferClass()
                0x0000000000002634                WiFiSocketBufferClass::WiFiSocketBufferClass()
 .text._ZN21WiFiSocketBufferClass5closeEi
                0x0000000000002644       0x1c /home/projeteea/.cache/arduino/sketches/29421CC1A0C2C8865B6B1C9817F0A8E1/libraries/WiFiNINA/utility/WiFiSocketBuffer.cpp.o
                0x0000000000002644                WiFiSocketBufferClass::close(int)
 .text._ZN21WiFiSocketBufferClassD2Ev
                0x0000000000002660       0x18 /home/projeteea/.cache/arduino/sketches/29421CC1A0C2C8865B6B1C9817F0A8E1/libraries/WiFiNINA/utility/WiFiSocketBuffer.cpp.o
                0x0000000000002660                WiFiSocketBufferClass::~WiFiSocketBufferClass()
                0x0000000000002660                WiFiSocketBufferClass::~WiFiSocketBufferClass()
 .text._ZN21WiFiSocketBufferClass9availableEi
                0x0000000000002678       0x58 /home/projeteea/.cache/arduino/sketches/29421CC1A0C2C8865B6B1C9817F0A8E1/libraries/WiFiNINA/utility/WiFiSocketBuffer.cpp.o
                0x0000000000002678                WiFiSocketBufferClass::available(int)
 .text._ZN21WiFiSocketBufferClass4peekEi
                0x00000000000026d0       0x20 /home/projeteea/.cache/arduino/sketches/29421CC1A0C2C8865B6B1C9817F0A8E1/libraries/WiFiNINA/utility/WiFiSocketBuffer.cpp.o
                0x00000000000026d0                WiFiSocketBufferClass::peek(int)
 .text._ZN21WiFiSocketBufferClass4readEiPhj
                0x00000000000026f0       0x38 /home/projeteea/.cache/arduino/sketches/29421CC1A0C2C8865B6B1C9817F0A8E1/libraries/WiFiNINA/utility/WiFiSocketBuffer.cpp.o
                0x00000000000026f0                WiFiSocketBufferClass::read(int, unsigned char*, unsigned int)
 .text.startup._GLOBAL__sub_I__ZN21WiFiSocketBufferClassC2Ev
                0x0000000000002728       0x24 /home/projeteea/.cache/arduino/sketches/29421CC1A0C2C8865B6B1C9817F0A8E1/libraries/WiFiNINA/utility/WiFiSocketBuffer.cpp.o
 .text._ZN9ServerDrv11startServerEthh
                0x000000000000274c       0x7c /home/projeteea/.cache/arduino/sketches/29421CC1A0C2C8865B6B1C9817F0A8E1/libraries/WiFiNINA/utility/server_drv.cpp.o
                0x000000000000274c                ServerDrv::startServer(unsigned short, unsigned char, unsigned char)
 .text._ZN9ServerDrv11startServerEmthh
                0x00000000000027c8       0x84 /home/projeteea/.cache/arduino/sketches/29421CC1A0C2C8865B6B1C9817F0A8E1/libraries/WiFiNINA/utility/server_drv.cpp.o
                0x00000000000027c8                ServerDrv::startServer(unsigned long, unsigned short, unsigned char, unsigned char)
 .text._ZN9ServerDrv11startClientEmthh
                0x000000000000284c       0x84 /home/projeteea/.cache/arduino/sketches/29421CC1A0C2C8865B6B1C9817F0A8E1/libraries/WiFiNINA/utility/server_drv.cpp.o
                0x000000000000284c                ServerDrv::startClient(unsigned long, unsigned short, unsigned char, unsigned char)
 .text._ZN9ServerDrv10stopClientEh
                0x00000000000028d0       0x68 /home/projeteea/.cache/arduino/sketches/29421CC1A0C2C8865B6B1C9817F0A8E1/libraries/WiFiNINA/utility/server_drv.cpp.o
                0x00000000000028d0                ServerDrv::stopClient(unsigned char)
 .text._ZN9ServerDrv9availDataEh
                0x0000000000002938       0x78 /home/projeteea/.cache/arduino/sketches/29421CC1A0C2C8865B6B1C9817F0A8E1/libraries/WiFiNINA/utility/server_drv.cpp.o
                0x0000000000002938                ServerDrv::availData(unsigned char)
 .text._ZN9ServerDrv10getDataBufEhPhPt
                0x00000000000029b0       0x78 /home/projeteea/.cache/arduino/sketches/29421CC1A0C2C8865B6B1C9817F0A8E1/libraries/WiFiNINA/utility/server_drv.cpp.o
                0x00000000000029b0                ServerDrv::getDataBuf(unsigned char, unsigned char*, unsigned short*)
 .text._ZN9ServerDrv13insertDataBufEhPKht
                0x0000000000002a28       0x94 /home/projeteea/.cache/arduino/sketches/29421CC1A0C2C8865B6B1C9817F0A8E1/libraries/WiFiNINA/utility/server_drv.cpp.o
                0x0000000000002a28                ServerDrv::insertDataBuf(unsigned char, unsigned char const*, unsigned short)
 .text._ZN9ServerDrv11sendUdpDataEh
                0x0000000000002abc       0x7c /home/projeteea/.cache/arduino/sketches/29421CC1A0C2C8865B6B1C9817F0A8E1/libraries/WiFiNINA/utility/server_drv.cpp.o
                0x0000000000002abc                ServerDrv::sendUdpData(unsigned char)
 .text._ZN9ServerDrv9getSocketEv
                0x0000000000002b38       0x54 /home/projeteea/.cache/arduino/sketches/29421CC1A0C2C8865B6B1C9817F0A8E1/libraries/WiFiNINA/utility/server_drv.cpp.o
                0x0000000000002b38                ServerDrv::getSocket()
 .text._ZN7WiFiDrv14getNetworkDataEPhS0_S0_
                0x0000000000002b8c       0x9c /home/projeteea/.cache/arduino/sketches/29421CC1A0C2C8865B6B1C9817F0A8E1/libraries/WiFiNINA/utility/wifi_drv.cpp.o
                0x0000000000002b8c                WiFiDrv::getNetworkData(unsigned char*, unsigned char*, unsigned char*)
 .text._ZN7WiFiDrv13getRemoteDataEhPhS0_
                0x0000000000002c28       0x88 /home/projeteea/.cache/arduino/sketches/29421CC1A0C2C8865B6B1C9817F0A8E1/libraries/WiFiNINA/utility/wifi_drv.cpp.o
                0x0000000000002c28                WiFiDrv::getRemoteData(unsigned char, unsigned char*, unsigned char*)
 .text._ZN7WiFiDrv17wifiSetPassphraseEPKchS1_h
                0x0000000000002cb0       0x88 /home/projeteea/.cache/arduino/sketches/29421CC1A0C2C8865B6B1C9817F0A8E1/libraries/WiFiNINA/utility/wifi_drv.cpp.o
                0x0000000000002cb0                WiFiDrv::wifiSetPassphrase(char const*, unsigned char, char const*, unsigned char)
 .text._ZN7WiFiDrv19getConnectionStatusEv
                0x0000000000002d38       0x54 /home/projeteea/.cache/arduino/sketches/29421CC1A0C2C8865B6B1C9817F0A8E1/libraries/WiFiNINA/utility/wifi_drv.cpp.o
                0x0000000000002d38                WiFiDrv::getConnectionStatus()
 .text._ZN7WiFiDrv12getIpAddressERN7arduino9IPAddressE
                0x0000000000002d8c       0x28 /home/projeteea/.cache/arduino/sketches/29421CC1A0C2C8865B6B1C9817F0A8E1/libraries/WiFiNINA/utility/wifi_drv.cpp.o
                0x0000000000002d8c                WiFiDrv::getIpAddress(arduino::IPAddress&)
 .text._ZN7WiFiDrv13reqHostByNameEPKc
                0x0000000000002db4       0x88 /home/projeteea/.cache/arduino/sketches/29421CC1A0C2C8865B6B1C9817F0A8E1/libraries/WiFiNINA/utility/wifi_drv.cpp.o
                0x0000000000002db4                WiFiDrv::reqHostByName(char const*)
 .text._ZN7WiFiDrv13getHostByNameERN7arduino9IPAddressE
                0x0000000000002e3c       0x78 /home/projeteea/.cache/arduino/sketches/29421CC1A0C2C8865B6B1C9817F0A8E1/libraries/WiFiNINA/utility/wifi_drv.cpp.o
                0x0000000000002e3c                WiFiDrv::getHostByName(arduino::IPAddress&)
 .text._ZN7WiFiDrv13getHostByNameEPKcRN7arduino9IPAddressE
                0x0000000000002eb4       0x18 /home/projeteea/.cache/arduino/sketches/29421CC1A0C2C8865B6B1C9817F0A8E1/libraries/WiFiNINA/utility/wifi_drv.cpp.o
                0x0000000000002eb4                WiFiDrv::getHostByName(char const*, arduino::IPAddress&)
 .text._ZN6SpiDrv17waitForSlaveReadyEb
                0x0000000000002ecc       0x20 /home/projeteea/.cache/arduino/sketches/29421CC1A0C2C8865B6B1C9817F0A8E1/libraries/Arduino_SpiNINA/spi_drv.cpp.o
                0x0000000000002ecc                SpiDrv::waitForSlaveReady(bool)
 .text._ZN6SpiDrv9availableEv
                0x0000000000002eec        0xe /home/projeteea/.cache/arduino/sketches/29421CC1A0C2C8865B6B1C9817F0A8E1/libraries/Arduino_SpiNINA/spi_drv.cpp.o
                0x0000000000002eec                SpiDrv::available()
 *fill*         0x0000000000002efa        0x2 
 .text._ZN6SpiDrv5beginEb
                0x0000000000002efc       0xbc /home/projeteea/.cache/arduino/sketches/29421CC1A0C2C8865B6B1C9817F0A8E1/libraries/Arduino_SpiNINA/spi_drv.cpp.o
                0x0000000000002efc                SpiDrv::begin(bool)
 .text._ZN6SpiDrv14spiSlaveSelectEv
                0x0000000000002fb8       0x50 /home/projeteea/.cache/arduino/sketches/29421CC1A0C2C8865B6B1C9817F0A8E1/libraries/Arduino_SpiNINA/spi_drv.cpp.o
                0x0000000000002fb8                SpiDrv::spiSlaveSelect()
 .text._ZN6SpiDrv16spiSlaveDeselectEv
                0x0000000000003008       0x1c /home/projeteea/.cache/arduino/sketches/29421CC1A0C2C8865B6B1C9817F0A8E1/libraries/Arduino_SpiNINA/spi_drv.cpp.o
                0x0000000000003008                SpiDrv::spiSlaveDeselect()
 .text._ZN6SpiDrv11spiTransferEc
                0x0000000000003024       0x18 /home/projeteea/.cache/arduino/sketches/29421CC1A0C2C8865B6B1C9817F0A8E1/libraries/Arduino_SpiNINA/spi_drv.cpp.o
                0x0000000000003024                SpiDrv::spiTransfer(char)
 .text._ZN6SpiDrv8getParamEPh
                0x000000000000303c        0xe /home/projeteea/.cache/arduino/sketches/29421CC1A0C2C8865B6B1C9817F0A8E1/libraries/Arduino_SpiNINA/spi_drv.cpp.o
                0x000000000000303c                SpiDrv::getParam(unsigned char*)
 .text._ZN6SpiDrv16readAndCheckCharEcPc
                0x000000000000304a       0x16 /home/projeteea/.cache/arduino/sketches/29421CC1A0C2C8865B6B1C9817F0A8E1/libraries/Arduino_SpiNINA/spi_drv.cpp.o
                0x000000000000304a                SpiDrv::readAndCheckChar(char, char*)
 .text._ZN6SpiDrv8readCharEv
                0x0000000000003060       0x14 /home/projeteea/.cache/arduino/sketches/29421CC1A0C2C8865B6B1C9817F0A8E1/libraries/Arduino_SpiNINA/spi_drv.cpp.o
                0x0000000000003060                SpiDrv::readChar()
 .text._ZN6SpiDrv11waitSpiCharEh
                0x0000000000003074       0x2c /home/projeteea/.cache/arduino/sketches/29421CC1A0C2C8865B6B1C9817F0A8E1/libraries/Arduino_SpiNINA/spi_drv.cpp.o
                0x0000000000003074                SpiDrv::waitSpiChar(unsigned char)
 .text._ZN6SpiDrv9sendParamEPKhhh
                0x00000000000030a0       0x2c /home/projeteea/.cache/arduino/sketches/29421CC1A0C2C8865B6B1C9817F0A8E1/libraries/Arduino_SpiNINA/spi_drv.cpp.o
                0x00000000000030a0                SpiDrv::sendParam(unsigned char const*, unsigned char, unsigned char)
 .text._ZN6SpiDrv14sendParamLen16Et
                0x00000000000030cc       0x12 /home/projeteea/.cache/arduino/sketches/29421CC1A0C2C8865B6B1C9817F0A8E1/libraries/Arduino_SpiNINA/spi_drv.cpp.o
                0x00000000000030cc                SpiDrv::sendParamLen16(unsigned short)
 .text._ZN6SpiDrv13readParamLen8EPh
                0x00000000000030de       0x12 /home/projeteea/.cache/arduino/sketches/29421CC1A0C2C8865B6B1C9817F0A8E1/libraries/Arduino_SpiNINA/spi_drv.cpp.o
                0x00000000000030de                SpiDrv::readParamLen8(unsigned char*)
 .text._ZN6SpiDrv15waitResponseCmdEhhPhS0_
                0x00000000000030f0       0x68 /home/projeteea/.cache/arduino/sketches/29421CC1A0C2C8865B6B1C9817F0A8E1/libraries/Arduino_SpiNINA/spi_drv.cpp.o
                0x00000000000030f0                SpiDrv::waitResponseCmd(unsigned char, unsigned char, unsigned char*, unsigned char*)
 .text._ZN6SpiDrv17waitResponseData8EhPhS0_
                0x0000000000003158       0x5e /home/projeteea/.cache/arduino/sketches/29421CC1A0C2C8865B6B1C9817F0A8E1/libraries/Arduino_SpiNINA/spi_drv.cpp.o
                0x0000000000003158                SpiDrv::waitResponseData8(unsigned char, unsigned char*, unsigned char*)
 .text._ZN6SpiDrv18waitResponseParamsEhhP6tParam
                0x00000000000031b6       0x94 /home/projeteea/.cache/arduino/sketches/29421CC1A0C2C8865B6B1C9817F0A8E1/libraries/Arduino_SpiNINA/spi_drv.cpp.o
                0x00000000000031b6                SpiDrv::waitResponseParams(unsigned char, unsigned char, tParam*)
 .text._ZN6SpiDrv14readParamLen16EPt
                0x000000000000324a       0x20 /home/projeteea/.cache/arduino/sketches/29421CC1A0C2C8865B6B1C9817F0A8E1/libraries/Arduino_SpiNINA/spi_drv.cpp.o
                0x000000000000324a                SpiDrv::readParamLen16(unsigned short*)
 .text._ZN6SpiDrv18waitResponseData16EhPhPt
                0x000000000000326a       0x64 /home/projeteea/.cache/arduino/sketches/29421CC1A0C2C8865B6B1C9817F0A8E1/libraries/Arduino_SpiNINA/spi_drv.cpp.o
                0x000000000000326a                SpiDrv::waitResponseData16(unsigned char, unsigned char*, unsigned short*)
 .text._ZN6SpiDrv10sendBufferEPKhth
                0x00000000000032ce       0x2a /home/projeteea/.cache/arduino/sketches/29421CC1A0C2C8865B6B1C9817F0A8E1/libraries/Arduino_SpiNINA/spi_drv.cpp.o
                0x00000000000032ce                SpiDrv::sendBuffer(unsigned char const*, unsigned short, unsigned char)
 .text._ZN6SpiDrv9sendParamEth
                0x00000000000032f8       0x24 /home/projeteea/.cache/arduino/sketches/29421CC1A0C2C8865B6B1C9817F0A8E1/libraries/Arduino_SpiNINA/spi_drv.cpp.o
                0x00000000000032f8                SpiDrv::sendParam(unsigned short, unsigned char)
 .text._ZN6SpiDrv7sendCmdEhh
                0x000000000000331c       0x26 /home/projeteea/.cache/arduino/sketches/29421CC1A0C2C8865B6B1C9817F0A8E1/libraries/Arduino_SpiNINA/spi_drv.cpp.o
                0x000000000000331c                SpiDrv::sendCmd(unsigned char, unsigned char)
 .text._ZN12SPIClassSAMD8transferEPvj
                0x0000000000003342       0x1e /home/projeteea/.cache/arduino/sketches/29421CC1A0C2C8865B6B1C9817F0A8E1/libraries/SPI/SPI.cpp.o
                0x0000000000003342                SPIClassSAMD::transfer(void*, unsigned int)
 .text._ZN12SPIClassSAMD15attachInterruptEv
                0x0000000000003360        0x2 /home/projeteea/.cache/arduino/sketches/29421CC1A0C2C8865B6B1C9817F0A8E1/libraries/SPI/SPI.cpp.o
                0x0000000000003360                SPIClassSAMD::attachInterrupt()
                0x0000000000003360                SPIClassSAMD::detachInterrupt()
 .text._ZN12SPIClassSAMDD2Ev
                0x0000000000003362        0x2 /home/projeteea/.cache/arduino/sketches/29421CC1A0C2C8865B6B1C9817F0A8E1/libraries/SPI/SPI.cpp.o
                0x0000000000003362                SPIClassSAMD::~SPIClassSAMD()
                0x0000000000003362                SPIClassSAMD::~SPIClassSAMD()
 .text._ZN12SPIClassSAMD3endEv
                0x0000000000003364       0x10 /home/projeteea/.cache/arduino/sketches/29421CC1A0C2C8865B6B1C9817F0A8E1/libraries/SPI/SPI.cpp.o
                0x0000000000003364                SPIClassSAMD::end()
 .text._ZN12SPIClassSAMD8transferEh
                0x0000000000003374        0xa /home/projeteea/.cache/arduino/sketches/29421CC1A0C2C8865B6B1C9817F0A8E1/libraries/SPI/SPI.cpp.o
                0x0000000000003374                SPIClassSAMD::transfer(unsigned char)
 .text._ZN12SPIClassSAMD10transfer16Et
                0x000000000000337e       0x58 /home/projeteea/.cache/arduino/sketches/29421CC1A0C2C8865B6B1C9817F0A8E1/libraries/SPI/SPI.cpp.o
                0x000000000000337e                SPIClassSAMD::transfer16(unsigned short)
 .text._ZN12SPIClassSAMDD0Ev
                0x00000000000033d6        0xc /home/projeteea/.cache/arduino/sketches/29421CC1A0C2C8865B6B1C9817F0A8E1/libraries/SPI/SPI.cpp.o
                0x00000000000033d6                SPIClassSAMD::~SPIClassSAMD()
 *fill*         0x00000000000033e2        0x2 
 .text._ZN12SPIClassSAMD14usingInterruptEi
                0x00000000000033e4       0x44 /home/projeteea/.cache/arduino/sketches/29421CC1A0C2C8865B6B1C9817F0A8E1/libraries/SPI/SPI.cpp.o
                0x00000000000033e4                SPIClassSAMD::usingInterrupt(int)
 .text._ZN12SPIClassSAMD17notUsingInterruptEi
                0x0000000000003428       0x3c /home/projeteea/.cache/arduino/sketches/29421CC1A0C2C8865B6B1C9817F0A8E1/libraries/SPI/SPI.cpp.o
                0x0000000000003428                SPIClassSAMD::notUsingInterrupt(int)
 .text._ZN12SPIClassSAMD14endTransactionEv
                0x0000000000003464       0x28 /home/projeteea/.cache/arduino/sketches/29421CC1A0C2C8865B6B1C9817F0A8E1/libraries/SPI/SPI.cpp.o
                0x0000000000003464                SPIClassSAMD::endTransaction()
 .text._ZN12SPIClassSAMD4initEv
                0x000000000000348c       0x12 /home/projeteea/.cache/arduino/sketches/29421CC1A0C2C8865B6B1C9817F0A8E1/libraries/SPI/SPI.cpp.o
                0x000000000000348c                SPIClassSAMD::init()
 *fill*         0x000000000000349e        0x2 
 .text._ZN12SPIClassSAMD6configEN7arduino11SPISettingsE
                0x00000000000034a0       0x74 /home/projeteea/.cache/arduino/sketches/29421CC1A0C2C8865B6B1C9817F0A8E1/libraries/SPI/SPI.cpp.o
                0x00000000000034a0                SPIClassSAMD::config(arduino::SPISettings)
 .text._ZN12SPIClassSAMD5beginEv
                0x0000000000003514       0x50 /home/projeteea/.cache/arduino/sketches/29421CC1A0C2C8865B6B1C9817F0A8E1/libraries/SPI/SPI.cpp.o
                0x0000000000003514                SPIClassSAMD::begin()
 .text._ZN12SPIClassSAMD16beginTransactionEN7arduino11SPISettingsE
                0x0000000000003564       0x38 /home/projeteea/.cache/arduino/sketches/29421CC1A0C2C8865B6B1C9817F0A8E1/libraries/SPI/SPI.cpp.o
                0x0000000000003564                SPIClassSAMD::beginTransaction(arduino::SPISettings)
 .text.startup._GLOBAL__sub_I__ZN12SPIClassSAMDC2EP6SERCOMhhh14SercomSpiTXPad11SercomRXPad
                0x000000000000359c       0x98 /home/projeteea/.cache/arduino/sketches/29421CC1A0C2C8865B6B1C9817F0A8E1/libraries/SPI/SPI.cpp.o
 .text.PINCOUNT_fn
                0x0000000000003634        0x4 /home/projeteea/.cache/arduino/sketches/29421CC1A0C2C8865B6B1C9817F0A8E1/core/variant.cpp.o
                0x0000000000003634                PINCOUNT_fn
 .text.initVariant
                0x0000000000003638       0xf8 /home/projeteea/.cache/arduino/sketches/29421CC1A0C2C8865B6B1C9817F0A8E1/core/variant.cpp.o
                0x0000000000003638                initVariant
 .text.SERCOM5_Handler
                0x0000000000003730       0x10 /home/projeteea/.cache/arduino/sketches/29421CC1A0C2C8865B6B1C9817F0A8E1/core/variant.cpp.o
                0x0000000000003730                SERCOM5_Handler
 .text.SERCOM4_Handler
                0x0000000000003740       0x10 /home/projeteea/.cache/arduino/sketches/29421CC1A0C2C8865B6B1C9817F0A8E1/core/variant.cpp.o
                0x0000000000003740                SERCOM4_Handler
 .text.startup._GLOBAL__sub_I_g_APinDescription
                0x0000000000003750       0xa0 /home/projeteea/.cache/arduino/sketches/29421CC1A0C2C8865B6B1C9817F0A8E1/core/variant.cpp.o
 .text._ZN6SERCOMC2EP6Sercom
                0x00000000000037f0        0x8 /home/projeteea/.cache/arduino/sketches/29421CC1A0C2C8865B6B1C9817F0A8E1/../../cores/arduino_samd_mkrwifi1010_2cde0e999f827566040ed06f956e5881/core.a(SERCOM.cpp.o)
                0x00000000000037f0                SERCOM::SERCOM(Sercom*)
                0x00000000000037f0                SERCOM::SERCOM(Sercom*)
 .text._ZN6SERCOM9initFrameE18SercomUartCharSize15SercomDataOrder16SercomParityMode19SercomNumberStopBit
                0x00000000000037f8       0x3a /home/projeteea/.cache/arduino/sketches/29421CC1A0C2C8865B6B1C9817F0A8E1/../../cores/arduino_samd_mkrwifi1010_2cde0e999f827566040ed06f956e5881/core.a(SERCOM.cpp.o)
                0x00000000000037f8                SERCOM::initFrame(SercomUartCharSize, SercomDataOrder, SercomParityMode, SercomNumberStopBit)
 .text._ZN6SERCOM8initPadsE15SercomUartTXPad11SercomRXPad
                0x0000000000003832       0x26 /home/projeteea/.cache/arduino/sketches/29421CC1A0C2C8865B6B1C9817F0A8E1/../../cores/arduino_samd_mkrwifi1010_2cde0e999f827566040ed06f956e5881/core.a(SERCOM.cpp.o)
                0x0000000000003832                SERCOM::initPads(SercomUartTXPad, SercomRXPad)
 .text._ZN6SERCOM9resetUARTEv
                0x0000000000003858       0x1a /home/projeteea/.cache/arduino/sketches/29421CC1A0C2C8865B6B1C9817F0A8E1/../../cores/arduino_samd_mkrwifi1010_2cde0e999f827566040ed06f956e5881/core.a(SERCOM.cpp.o)
                0x0000000000003858                SERCOM::resetUART()
 .text._ZN6SERCOM10enableUARTEv
                0x0000000000003872       0x14 /home/projeteea/.cache/arduino/sketches/29421CC1A0C2C8865B6B1C9817F0A8E1/../../cores/arduino_samd_mkrwifi1010_2cde0e999f827566040ed06f956e5881/core.a(SERCOM.cpp.o)
                0x0000000000003872                SERCOM::enableUART()
 .text._ZN6SERCOM9flushUARTEv
                0x0000000000003886       0x14 /home/projeteea/.cache/arduino/sketches/29421CC1A0C2C8865B6B1C9817F0A8E1/../../cores/arduino_samd_mkrwifi1010_2cde0e999f827566040ed06f956e5881/core.a(SERCOM.cpp.o)
                0x0000000000003886                SERCOM::flushUART()
 .text._ZN6SERCOM15clearStatusUARTEv
                0x000000000000389a        0x8 /home/projeteea/.cache/arduino/sketches/29421CC1A0C2C8865B6B1C9817F0A8E1/../../cores/arduino_samd_mkrwifi1010_2cde0e999f827566040ed06f956e5881/core.a(SERCOM.cpp.o)
                0x000000000000389a                SERCOM::clearStatusUART()
 .text._ZN6SERCOM17availableDataUARTEv
                0x00000000000038a2        0xa /home/projeteea/.cache/arduino/sketches/29421CC1A0C2C8865B6B1C9817F0A8E1/../../cores/arduino_samd_mkrwifi1010_2cde0e999f827566040ed06f956e5881/core.a(SERCOM.cpp.o)
                0x00000000000038a2                SERCOM::availableDataUART()
 .text._ZN6SERCOM11isUARTErrorEv
                0x00000000000038ac        0x8 /home/projeteea/.cache/arduino/sketches/29421CC1A0C2C8865B6B1C9817F0A8E1/../../cores/arduino_samd_mkrwifi1010_2cde0e999f827566040ed06f956e5881/core.a(SERCOM.cpp.o)
                0x00000000000038ac                SERCOM::isUARTError()
 .text._ZN6SERCOM20acknowledgeUARTErrorEv
                0x00000000000038b4        0xe /home/projeteea/.cache/arduino/sketches/29421CC1A0C2C8865B6B1C9817F0A8E1/../../cores/arduino_samd_mkrwifi1010_2cde0e999f827566040ed06f956e5881/core.a(SERCOM.cpp.o)
                0x00000000000038b4                SERCOM::acknowledgeUARTError()
 .text._ZN6SERCOM16isFrameErrorUARTEv
                0x00000000000038c2        0xa /home/projeteea/.cache/arduino/sketches/29421CC1A0C2C8865B6B1C9817F0A8E1/../../cores/arduino_samd_mkrwifi1010_2cde0e999f827566040ed06f956e5881/core.a(SERCOM.cpp.o)
                0x00000000000038c2                SERCOM::isFrameErrorUART()
 .text._ZN6SERCOM19clearFrameErrorUARTEv
                0x00000000000038cc        0xc /home/projeteea/.cache/arduino/sketches/29421CC1A0C2C8865B6B1C9817F0A8E1/../../cores/arduino_samd_mkrwifi1010_2cde0e999f827566040ed06f956e5881/core.a(SERCOM.cpp.o)
                0x00000000000038cc                SERCOM::clearFrameErrorUART()
 .text._ZN6SERCOM23isDataRegisterEmptyUARTEv
                0x00000000000038d8        0xa /home/projeteea/.cache/arduino/sketches/29421CC1A0C2C8865B6B1C9817F0A8E1/../../cores/arduino_samd_mkrwifi1010_2cde0e999f827566040ed06f956e5881/core.a(SERCOM.cpp.o)
                0x00000000000038d8                SERCOM::isDataRegisterEmptyUART()
 .text._ZN6SERCOM12readDataUARTEv
                0x00000000000038e2        0x8 /home/projeteea/.cache/arduino/sketches/29421CC1A0C2C8865B6B1C9817F0A8E1/../../cores/arduino_samd_mkrwifi1010_2cde0e999f827566040ed06f956e5881/core.a(SERCOM.cpp.o)
                0x00000000000038e2                SERCOM::readDataUART()
 .text._ZN6SERCOM13writeDataUARTEh
                0x00000000000038ea       0x14 /home/projeteea/.cache/arduino/sketches/29421CC1A0C2C8865B6B1C9817F0A8E1/../../cores/arduino_samd_mkrwifi1010_2cde0e999f827566040ed06f956e5881/core.a(SERCOM.cpp.o)
                0x00000000000038ea                SERCOM::writeDataUART(unsigned char)
 .text._ZN6SERCOM36enableDataRegisterEmptyInterruptUARTEv
                0x00000000000038fe        0x8 /home/projeteea/.cache/arduino/sketches/29421CC1A0C2C8865B6B1C9817F0A8E1/../../cores/arduino_samd_mkrwifi1010_2cde0e999f827566040ed06f956e5881/core.a(SERCOM.cpp.o)
                0x00000000000038fe                SERCOM::enableDataRegisterEmptyInterruptUART()
 .text._ZN6SERCOM37disableDataRegisterEmptyInterruptUARTEv
                0x0000000000003906        0x8 /home/projeteea/.cache/arduino/sketches/29421CC1A0C2C8865B6B1C9817F0A8E1/../../cores/arduino_samd_mkrwifi1010_2cde0e999f827566040ed06f956e5881/core.a(SERCOM.cpp.o)
                0x0000000000003906                SERCOM::disableDataRegisterEmptyInterruptUART()
 *fill*         0x000000000000390e        0x2 
 .text._ZN6SERCOM12initSPIClockE18SercomSpiClockModem
                0x0000000000003910       0x30 /home/projeteea/.cache/arduino/sketches/29421CC1A0C2C8865B6B1C9817F0A8E1/../../cores/arduino_samd_mkrwifi1010_2cde0e999f827566040ed06f956e5881/core.a(SERCOM.cpp.o)
                0x0000000000003910                SERCOM::initSPIClock(SercomSpiClockMode, unsigned long)
 .text._ZN6SERCOM8resetSPIEv
                0x0000000000003940       0x1a /home/projeteea/.cache/arduino/sketches/29421CC1A0C2C8865B6B1C9817F0A8E1/../../cores/arduino_samd_mkrwifi1010_2cde0e999f827566040ed06f956e5881/core.a(SERCOM.cpp.o)
                0x0000000000003940                SERCOM::resetSPI()
 .text._ZN6SERCOM9enableSPIEv
                0x000000000000395a       0x14 /home/projeteea/.cache/arduino/sketches/29421CC1A0C2C8865B6B1C9817F0A8E1/../../cores/arduino_samd_mkrwifi1010_2cde0e999f827566040ed06f956e5881/core.a(SERCOM.cpp.o)
                0x000000000000395a                SERCOM::enableSPI()
 .text._ZN6SERCOM10disableSPIEv
                0x000000000000396e       0x12 /home/projeteea/.cache/arduino/sketches/29421CC1A0C2C8865B6B1C9817F0A8E1/../../cores/arduino_samd_mkrwifi1010_2cde0e999f827566040ed06f956e5881/core.a(SERCOM.cpp.o)
                0x000000000000396e                SERCOM::disableSPI()
 .text._ZN6SERCOM15getDataOrderSPIEv
                0x0000000000003980        0xa /home/projeteea/.cache/arduino/sketches/29421CC1A0C2C8865B6B1C9817F0A8E1/../../cores/arduino_samd_mkrwifi1010_2cde0e999f827566040ed06f956e5881/core.a(SERCOM.cpp.o)
                0x0000000000003980                SERCOM::getDataOrderSPI()
 .text._ZN6SERCOM15transferDataSPIEh
                0x000000000000398a       0x1a /home/projeteea/.cache/arduino/sketches/29421CC1A0C2C8865B6B1C9817F0A8E1/../../cores/arduino_samd_mkrwifi1010_2cde0e999f827566040ed06f956e5881/core.a(SERCOM.cpp.o)
                0x000000000000398a                SERCOM::transferDataSPI(unsigned char)
 .text._ZN6SERCOM9resetWIREEv
                0x00000000000039a4       0x1a /home/projeteea/.cache/arduino/sketches/29421CC1A0C2C8865B6B1C9817F0A8E1/../../cores/arduino_samd_mkrwifi1010_2cde0e999f827566040ed06f956e5881/core.a(SERCOM.cpp.o)
                0x00000000000039a4                SERCOM::resetWIRE()
 .text._ZN6SERCOM10enableWIREEv
                0x00000000000039be       0x2a /home/projeteea/.cache/arduino/sketches/29421CC1A0C2C8865B6B1C9817F0A8E1/../../cores/arduino_samd_mkrwifi1010_2cde0e999f827566040ed06f956e5881/core.a(SERCOM.cpp.o)
                0x00000000000039be                SERCOM::enableWIRE()
 .text._ZN6SERCOM11disableWIREEv
                0x00000000000039e8       0x14 /home/projeteea/.cache/arduino/sketches/29421CC1A0C2C8865B6B1C9817F0A8E1/../../cores/arduino_samd_mkrwifi1010_2cde0e999f827566040ed06f956e5881/core.a(SERCOM.cpp.o)
                0x00000000000039e8                SERCOM::disableWIRE()
 .text._ZN6SERCOM22prepareCommandBitsWireEh
                0x00000000000039fc       0x2c /home/projeteea/.cache/arduino/sketches/29421CC1A0C2C8865B6B1C9817F0A8E1/../../cores/arduino_samd_mkrwifi1010_2cde0e999f827566040ed06f956e5881/core.a(SERCOM.cpp.o)
                0x00000000000039fc                SERCOM::prepareCommandBitsWire(unsigned char)
 .text._ZN6SERCOM21startTransmissionWIREEh23SercomWireReadWriteFlag
                0x0000000000003a28       0x84 /home/projeteea/.cache/arduino/sketches/29421CC1A0C2C8865B6B1C9817F0A8E1/../../cores/arduino_samd_mkrwifi1010_2cde0e999f827566040ed06f956e5881/core.a(SERCOM.cpp.o)
                0x0000000000003a28                SERCOM::startTransmissionWIRE(unsigned char, SercomWireReadWriteFlag)
 .text._ZN6SERCOM18sendDataMasterWIREEh
                0x0000000000003aac       0x30 /home/projeteea/.cache/arduino/sketches/29421CC1A0C2C8865B6B1C9817F0A8E1/../../cores/arduino_samd_mkrwifi1010_2cde0e999f827566040ed06f956e5881/core.a(SERCOM.cpp.o)
                0x0000000000003aac                SERCOM::sendDataMasterWIRE(unsigned char)
 .text._ZN6SERCOM13initClockNVICEv
                0x0000000000003adc       0xa8 /home/projeteea/.cache/arduino/sketches/29421CC1A0C2C8865B6B1C9817F0A8E1/../../cores/arduino_samd_mkrwifi1010_2cde0e999f827566040ed06f956e5881/core.a(SERCOM.cpp.o)
                0x0000000000003adc                SERCOM::initClockNVIC()
 .text._ZN6SERCOM8initUARTE14SercomUartMode20SercomUartSampleRatem
                0x0000000000003b84       0x6c /home/projeteea/.cache/arduino/sketches/29421CC1A0C2C8865B6B1C9817F0A8E1/../../cores/arduino_samd_mkrwifi1010_2cde0e999f827566040ed06f956e5881/core.a(SERCOM.cpp.o)
                0x0000000000003b84                SERCOM::initUART(SercomUartMode, SercomUartSampleRate, unsigned long)
 .text._ZN6SERCOM7initSPIE14SercomSpiTXPad11SercomRXPad17SercomSpiCharSize15SercomDataOrder
                0x0000000000003bf0       0x4a /home/projeteea/.cache/arduino/sketches/29421CC1A0C2C8865B6B1C9817F0A8E1/../../cores/arduino_samd_mkrwifi1010_2cde0e999f827566040ed06f956e5881/core.a(SERCOM.cpp.o)
                0x0000000000003bf0                SERCOM::initSPI(SercomSpiTXPad, SercomRXPad, SercomSpiCharSize, SercomDataOrder)
 *fill*         0x0000000000003c3a        0x2 
 .text._ZN6SERCOM14initMasterWIREEm
                0x0000000000003c3c       0x54 /home/projeteea/.cache/arduino/sketches/29421CC1A0C2C8865B6B1C9817F0A8E1/../../cores/arduino_samd_mkrwifi1010_2cde0e999f827566040ed06f956e5881/core.a(SERCOM.cpp.o)
                0x0000000000003c3c                SERCOM::initMasterWIRE(unsigned long)
 .text._ZN7Serial_13getDescriptorERN7arduino8USBSetupE
                0x0000000000003c90        0x4 /home/projeteea/.cache/arduino/sketches/29421CC1A0C2C8865B6B1C9817F0A8E1/../../cores/arduino_samd_mkrwifi1010_2cde0e999f827566040ed06f956e5881/core.a(CDC.cpp.o)
                0x0000000000003c90                Serial_::getDescriptor(arduino::USBSetup&)
 .text._ZL5utox8mPc
                0x0000000000003c94       0x24 /home/projeteea/.cache/arduino/sketches/29421CC1A0C2C8865B6B1C9817F0A8E1/../../cores/arduino_samd_mkrwifi1010_2cde0e999f827566040ed06f956e5881/core.a(CDC.cpp.o)
 .text._ZN7Serial_12getShortNameEPc
                0x0000000000003cb8       0x44 /home/projeteea/.cache/arduino/sketches/29421CC1A0C2C8865B6B1C9817F0A8E1/../../cores/arduino_samd_mkrwifi1010_2cde0e999f827566040ed06f956e5881/core.a(CDC.cpp.o)
                0x0000000000003cb8                Serial_::getShortName(char*)
 .text._ZThn16_N7Serial_12getShortNameEPc
                0x0000000000003cfc       0x10 /home/projeteea/.cache/arduino/sketches/29421CC1A0C2C8865B6B1C9817F0A8E1/../../cores/arduino_samd_mkrwifi1010_2cde0e999f827566040ed06f956e5881/core.a(CDC.cpp.o)
                0x0000000000003cfc                non-virtual thunk to Serial_::getShortName(char*)
 .text._ZN7Serial_17availableForWriteEv
                0x0000000000003d0c        0x4 /home/projeteea/.cache/arduino/sketches/29421CC1A0C2C8865B6B1C9817F0A8E1/../../cores/arduino_samd_mkrwifi1010_2cde0e999f827566040ed06f956e5881/core.a(CDC.cpp.o)
                0x0000000000003d0c                Serial_::availableForWrite()
 .text._ZN7Serial_5writeEh
                0x0000000000003d10       0x14 /home/projeteea/.cache/arduino/sketches/29421CC1A0C2C8865B6B1C9817F0A8E1/../../cores/arduino_samd_mkrwifi1010_2cde0e999f827566040ed06f956e5881/core.a(CDC.cpp.o)
                0x0000000000003d10                Serial_::write(unsigned char)
 .text._ZN7Serial_12getInterfaceEPh
                0x0000000000003d24      0x11c /home/projeteea/.cache/arduino/sketches/29421CC1A0C2C8865B6B1C9817F0A8E1/../../cores/arduino_samd_mkrwifi1010_2cde0e999f827566040ed06f956e5881/core.a(CDC.cpp.o)
                0x0000000000003d24                Serial_::getInterface(unsigned char*)
 .text._ZThn16_N7Serial_12getInterfaceEPh
                0x0000000000003e40       0x10 /home/projeteea/.cache/arduino/sketches/29421CC1A0C2C8865B6B1C9817F0A8E1/../../cores/arduino_samd_mkrwifi1010_2cde0e999f827566040ed06f956e5881/core.a(CDC.cpp.o)
                0x0000000000003e40                non-virtual thunk to Serial_::getInterface(unsigned char*)
 .text._ZN7Serial_5setupERN7arduino8USBSetupE
                0x0000000000003e50       0x98 /home/projeteea/.cache/arduino/sketches/29421CC1A0C2C8865B6B1C9817F0A8E1/../../cores/arduino_samd_mkrwifi1010_2cde0e999f827566040ed06f956e5881/core.a(CDC.cpp.o)
                0x0000000000003e50                Serial_::setup(arduino::USBSetup&)
 .text._ZThn16_N7Serial_5setupERN7arduino8USBSetupE
                0x0000000000003ee8       0x10 /home/projeteea/.cache/arduino/sketches/29421CC1A0C2C8865B6B1C9817F0A8E1/../../cores/arduino_samd_mkrwifi1010_2cde0e999f827566040ed06f956e5881/core.a(CDC.cpp.o)
                0x0000000000003ee8                non-virtual thunk to Serial_::setup(arduino::USBSetup&)
 .text._ZN7Serial_9availableEv
                0x0000000000003ef8       0x20 /home/projeteea/.cache/arduino/sketches/29421CC1A0C2C8865B6B1C9817F0A8E1/../../cores/arduino_samd_mkrwifi1010_2cde0e999f827566040ed06f956e5881/core.a(CDC.cpp.o)
                0x0000000000003ef8                Serial_::available()
 .text._ZN7Serial_5flushEv
                0x0000000000003f18        0xe /home/projeteea/.cache/arduino/sketches/29421CC1A0C2C8865B6B1C9817F0A8E1/../../cores/arduino_samd_mkrwifi1010_2cde0e999f827566040ed06f956e5881/core.a(CDC.cpp.o)
                0x0000000000003f18                Serial_::flush()
 .text._ZN7Serial_5clearEv
                0x0000000000003f26        0xe /home/projeteea/.cache/arduino/sketches/29421CC1A0C2C8865B6B1C9817F0A8E1/../../cores/arduino_samd_mkrwifi1010_2cde0e999f827566040ed06f956e5881/core.a(CDC.cpp.o)
                0x0000000000003f26                Serial_::clear()
 .text._ZN7Serial_5writeEPKhj
                0x0000000000003f34       0x1e /home/projeteea/.cache/arduino/sketches/29421CC1A0C2C8865B6B1C9817F0A8E1/../../cores/arduino_samd_mkrwifi1010_2cde0e999f827566040ed06f956e5881/core.a(CDC.cpp.o)
                0x0000000000003f34                Serial_::write(unsigned char const*, unsigned int)
 *fill*         0x0000000000003f52        0x2 
 .text._ZN7Serial_4peekEv
                0x0000000000003f54       0x1c /home/projeteea/.cache/arduino/sketches/29421CC1A0C2C8865B6B1C9817F0A8E1/../../cores/arduino_samd_mkrwifi1010_2cde0e999f827566040ed06f956e5881/core.a(CDC.cpp.o)
                0x0000000000003f54                Serial_::peek()
 .text._ZN7Serial_4readEv
                0x0000000000003f70       0x24 /home/projeteea/.cache/arduino/sketches/29421CC1A0C2C8865B6B1C9817F0A8E1/../../cores/arduino_samd_mkrwifi1010_2cde0e999f827566040ed06f956e5881/core.a(CDC.cpp.o)
                0x0000000000003f70                Serial_::read()
 .text._ZThn16_N7Serial_13getDescriptorERN7arduino8USBSetupE
                0x0000000000003f94        0x4 /home/projeteea/.cache/arduino/sketches/29421CC1A0C2C8865B6B1C9817F0A8E1/../../cores/arduino_samd_mkrwifi1010_2cde0e999f827566040ed06f956e5881/core.a(CDC.cpp.o)
                0x0000000000003f94                non-virtual thunk to Serial_::getDescriptor(arduino::USBSetup&)
 .text.resetExternalChip
                0x0000000000003f98        0x2 /home/projeteea/.cache/arduino/sketches/29421CC1A0C2C8865B6B1C9817F0A8E1/../../cores/arduino_samd_mkrwifi1010_2cde0e999f827566040ed06f956e5881/core.a(CDC.cpp.o)
                0x0000000000003f98                resetExternalChip
 .text._ZN7Serial_14handleEndpointEi
                0x0000000000003f9a        0x2 /home/projeteea/.cache/arduino/sketches/29421CC1A0C2C8865B6B1C9817F0A8E1/../../cores/arduino_samd_mkrwifi1010_2cde0e999f827566040ed06f956e5881/core.a(CDC.cpp.o)
                0x0000000000003f9a                Serial_::handleEndpoint(int)
 .text._ZN7Serial_C2ER14USBDeviceClass
                0x0000000000003f9c       0x50 /home/projeteea/.cache/arduino/sketches/29421CC1A0C2C8865B6B1C9817F0A8E1/../../cores/arduino_samd_mkrwifi1010_2cde0e999f827566040ed06f956e5881/core.a(CDC.cpp.o)
                0x0000000000003f9c                Serial_::Serial_(USBDeviceClass&)
                0x0000000000003f9c                Serial_::Serial_(USBDeviceClass&)
 .text._ZN7Serial_15enableInterruptEv
                0x0000000000003fec       0x30 /home/projeteea/.cache/arduino/sketches/29421CC1A0C2C8865B6B1C9817F0A8E1/../../cores/arduino_samd_mkrwifi1010_2cde0e999f827566040ed06f956e5881/core.a(CDC.cpp.o)
                0x0000000000003fec                Serial_::enableInterrupt()
 .text._ZN7Serial_5beginEm
                0x000000000000401c        0x2 /home/projeteea/.cache/arduino/sketches/29421CC1A0C2C8865B6B1C9817F0A8E1/../../cores/arduino_samd_mkrwifi1010_2cde0e999f827566040ed06f956e5881/core.a(CDC.cpp.o)
                0x000000000000401c                Serial_::begin(unsigned long)
 *fill*         0x000000000000401e        0x2 
 .text._ZN7Serial_cvbEv
                0x0000000000004020       0x28 /home/projeteea/.cache/arduino/sketches/29421CC1A0C2C8865B6B1C9817F0A8E1/../../cores/arduino_samd_mkrwifi1010_2cde0e999f827566040ed06f956e5881/core.a(CDC.cpp.o)
                0x0000000000004020                Serial_::operator bool()
 .text.startup._GLOBAL__sub_I__ZN7Serial_12getInterfaceEPh
                0x0000000000004048       0x14 /home/projeteea/.cache/arduino/sketches/29421CC1A0C2C8865B6B1C9817F0A8E1/../../cores/arduino_samd_mkrwifi1010_2cde0e999f827566040ed06f956e5881/core.a(CDC.cpp.o)
 .text._ZN26DoubleBufferedEPOutHandlerD2Ev
                0x000000000000405c        0x2 /home/projeteea/.cache/arduino/sketches/29421CC1A0C2C8865B6B1C9817F0A8E1/../../cores/arduino_samd_mkrwifi1010_2cde0e999f827566040ed06f956e5881/core.a(USBCore.cpp.o)
                0x000000000000405c                DoubleBufferedEPOutHandler::~DoubleBufferedEPOutHandler()
                0x000000000000405c                DoubleBufferedEPOutHandler::~DoubleBufferedEPOutHandler()
 .text._ZN26DoubleBufferedEPOutHandlerD0Ev
                0x000000000000405e        0xc /home/projeteea/.cache/arduino/sketches/29421CC1A0C2C8865B6B1C9817F0A8E1/../../cores/arduino_samd_mkrwifi1010_2cde0e999f827566040ed06f956e5881/core.a(USBCore.cpp.o)
                0x000000000000405e                DoubleBufferedEPOutHandler::~DoubleBufferedEPOutHandler()
 *fill*         0x000000000000406a        0x2 
 .text._ZN14USBDeviceClass6initEPEmm.part.7
                0x000000000000406c       0xc4 /home/projeteea/.cache/arduino/sketches/29421CC1A0C2C8865B6B1C9817F0A8E1/../../cores/arduino_samd_mkrwifi1010_2cde0e999f827566040ed06f956e5881/core.a(USBCore.cpp.o)
 .text._ZN7__GuardC2Ev
                0x0000000000004130        0xe /home/projeteea/.cache/arduino/sketches/29421CC1A0C2C8865B6B1C9817F0A8E1/../../cores/arduino_samd_mkrwifi1010_2cde0e999f827566040ed06f956e5881/core.a(USBCore.cpp.o)
                0x0000000000004130                __Guard::__Guard()
                0x0000000000004130                __Guard::__Guard()
 .text._ZN7__GuardD2Ev
                0x000000000000413e        0xe /home/projeteea/.cache/arduino/sketches/29421CC1A0C2C8865B6B1C9817F0A8E1/../../cores/arduino_samd_mkrwifi1010_2cde0e999f827566040ed06f956e5881/core.a(USBCore.cpp.o)
                0x000000000000413e                __Guard::~__Guard()
                0x000000000000413e                __Guard::~__Guard()
 .text._ZNK26DoubleBufferedEPOutHandler10_availableEv
                0x000000000000414c       0x70 /home/projeteea/.cache/arduino/sketches/29421CC1A0C2C8865B6B1C9817F0A8E1/../../cores/arduino_samd_mkrwifi1010_2cde0e999f827566040ed06f956e5881/core.a(USBCore.cpp.o)
                0x000000000000414c                DoubleBufferedEPOutHandler::_available() const
 .text._ZN26DoubleBufferedEPOutHandler7releaseEv
                0x00000000000041bc       0x38 /home/projeteea/.cache/arduino/sketches/29421CC1A0C2C8865B6B1C9817F0A8E1/../../cores/arduino_samd_mkrwifi1010_2cde0e999f827566040ed06f956e5881/core.a(USBCore.cpp.o)
                0x00000000000041bc                DoubleBufferedEPOutHandler::release()
 .text._ZN26DoubleBufferedEPOutHandler14handleEndpointEv
                0x00000000000041f4       0xe2 /home/projeteea/.cache/arduino/sketches/29421CC1A0C2C8865B6B1C9817F0A8E1/../../cores/arduino_samd_mkrwifi1010_2cde0e999f827566040ed06f956e5881/core.a(USBCore.cpp.o)
                0x00000000000041f4                DoubleBufferedEPOutHandler::handleEndpoint()
 .text._ZN14USBDeviceClass14SendInterfacesEPm
                0x00000000000042d6       0x20 /home/projeteea/.cache/arduino/sketches/29421CC1A0C2C8865B6B1C9817F0A8E1/../../cores/arduino_samd_mkrwifi1010_2cde0e999f827566040ed06f956e5881/core.a(USBCore.cpp.o)
                0x00000000000042d6                USBDeviceClass::SendInterfaces(unsigned long*)
 *fill*         0x00000000000042f6        0x2 
 .text._ZN14USBDeviceClass4initEv
                0x00000000000042f8      0x15c /home/projeteea/.cache/arduino/sketches/29421CC1A0C2C8865B6B1C9817F0A8E1/../../cores/arduino_samd_mkrwifi1010_2cde0e999f827566040ed06f956e5881/core.a(USBCore.cpp.o)
                0x00000000000042f8                USBDeviceClass::init()
 .text._ZN14USBDeviceClass6attachEv
                0x0000000000004454       0x34 /home/projeteea/.cache/arduino/sketches/29421CC1A0C2C8865B6B1C9817F0A8E1/../../cores/arduino_samd_mkrwifi1010_2cde0e999f827566040ed06f956e5881/core.a(USBCore.cpp.o)
                0x0000000000004454                USBDeviceClass::attach()
 .text._ZN14USBDeviceClass10setAddressEm
                0x0000000000004488       0x48 /home/projeteea/.cache/arduino/sketches/29421CC1A0C2C8865B6B1C9817F0A8E1/../../cores/arduino_samd_mkrwifi1010_2cde0e999f827566040ed06f956e5881/core.a(USBCore.cpp.o)
                0x0000000000004488                USBDeviceClass::setAddress(unsigned long)
 .text._ZN14USBDeviceClass25handleClassInterfaceSetupERN7arduino8USBSetupE
                0x00000000000044d0       0x24 /home/projeteea/.cache/arduino/sketches/29421CC1A0C2C8865B6B1C9817F0A8E1/../../cores/arduino_samd_mkrwifi1010_2cde0e999f827566040ed06f956e5881/core.a(USBCore.cpp.o)
                0x00000000000044d0                USBDeviceClass::handleClassInterfaceSetup(arduino::USBSetup&)
 .text._ZN14USBDeviceClass6initEPEmm
                0x00000000000044f4      0x10c /home/projeteea/.cache/arduino/sketches/29421CC1A0C2C8865B6B1C9817F0A8E1/../../cores/arduino_samd_mkrwifi1010_2cde0e999f827566040ed06f956e5881/core.a(USBCore.cpp.o)
                0x00000000000044f4                USBDeviceClass::initEP(unsigned long, unsigned long)
 .text._ZN14USBDeviceClass13initEndpointsEv
                0x0000000000004600       0x24 /home/projeteea/.cache/arduino/sketches/29421CC1A0C2C8865B6B1C9817F0A8E1/../../cores/arduino_samd_mkrwifi1010_2cde0e999f827566040ed06f956e5881/core.a(USBCore.cpp.o)
                0x0000000000004600                USBDeviceClass::initEndpoints()
 .text._ZN14USBDeviceClass5clearEm
                0x0000000000004624       0x38 /home/projeteea/.cache/arduino/sketches/29421CC1A0C2C8865B6B1C9817F0A8E1/../../cores/arduino_samd_mkrwifi1010_2cde0e999f827566040ed06f956e5881/core.a(USBCore.cpp.o)
                0x0000000000004624                USBDeviceClass::clear(unsigned long)
 .text._ZN14USBDeviceClass9availableEm
                0x000000000000465c       0x2c /home/projeteea/.cache/arduino/sketches/29421CC1A0C2C8865B6B1C9817F0A8E1/../../cores/arduino_samd_mkrwifi1010_2cde0e999f827566040ed06f956e5881/core.a(USBCore.cpp.o)
                0x000000000000465c                USBDeviceClass::available(unsigned long)
 .text._ZN14USBDeviceClass5flushEm
                0x0000000000004688       0x2c /home/projeteea/.cache/arduino/sketches/29421CC1A0C2C8865B6B1C9817F0A8E1/../../cores/arduino_samd_mkrwifi1010_2cde0e999f827566040ed06f956e5881/core.a(USBCore.cpp.o)
                0x0000000000004688                USBDeviceClass::flush(unsigned long)
 .text._ZN14USBDeviceClass4recvEmPvm
                0x00000000000046b4       0xc0 /home/projeteea/.cache/arduino/sketches/29421CC1A0C2C8865B6B1C9817F0A8E1/../../cores/arduino_samd_mkrwifi1010_2cde0e999f827566040ed06f956e5881/core.a(USBCore.cpp.o)
                0x00000000000046b4                USBDeviceClass::recv(unsigned long, void*, unsigned long)
 .text._ZN14USBDeviceClass4recvEm
                0x0000000000004774       0x1c /home/projeteea/.cache/arduino/sketches/29421CC1A0C2C8865B6B1C9817F0A8E1/../../cores/arduino_samd_mkrwifi1010_2cde0e999f827566040ed06f956e5881/core.a(USBCore.cpp.o)
                0x0000000000004774                USBDeviceClass::recv(unsigned long)
 .text._ZN14USBDeviceClass14armRecvCtrlOUTEm
                0x0000000000004790       0x5c /home/projeteea/.cache/arduino/sketches/29421CC1A0C2C8865B6B1C9817F0A8E1/../../cores/arduino_samd_mkrwifi1010_2cde0e999f827566040ed06f956e5881/core.a(USBCore.cpp.o)
                0x0000000000004790                USBDeviceClass::armRecvCtrlOUT(unsigned long)
 .text._ZN14USBDeviceClass11recvControlEPvm
                0x00000000000047ec       0x28 /home/projeteea/.cache/arduino/sketches/29421CC1A0C2C8865B6B1C9817F0A8E1/../../cores/arduino_samd_mkrwifi1010_2cde0e999f827566040ed06f956e5881/core.a(USBCore.cpp.o)
                0x00000000000047ec                USBDeviceClass::recvControl(void*, unsigned long)
 .text._ZN14USBDeviceClass4sendEmPKvm
                0x0000000000004814      0x10c /home/projeteea/.cache/arduino/sketches/29421CC1A0C2C8865B6B1C9817F0A8E1/../../cores/arduino_samd_mkrwifi1010_2cde0e999f827566040ed06f956e5881/core.a(USBCore.cpp.o)
                0x0000000000004814                USBDeviceClass::send(unsigned long, void const*, unsigned long)
 .text._ZN14USBDeviceClass7armSendEmPKvm
                0x0000000000004920       0x48 /home/projeteea/.cache/arduino/sketches/29421CC1A0C2C8865B6B1C9817F0A8E1/../../cores/arduino_samd_mkrwifi1010_2cde0e999f827566040ed06f956e5881/core.a(USBCore.cpp.o)
                0x0000000000004920                USBDeviceClass::armSend(unsigned long, void const*, unsigned long)
 .text._ZN14USBDeviceClass11sendControlEPKvm
                0x0000000000004968       0x54 /home/projeteea/.cache/arduino/sketches/29421CC1A0C2C8865B6B1C9817F0A8E1/../../cores/arduino_samd_mkrwifi1010_2cde0e999f827566040ed06f956e5881/core.a(USBCore.cpp.o)
                0x0000000000004968                USBDeviceClass::sendControl(void const*, unsigned long)
 .text._ZN14USBDeviceClass20sendStringDescriptorEPKhm
                0x00000000000049bc       0x64 /home/projeteea/.cache/arduino/sketches/29421CC1A0C2C8865B6B1C9817F0A8E1/../../cores/arduino_samd_mkrwifi1010_2cde0e999f827566040ed06f956e5881/core.a(USBCore.cpp.o)
                0x00000000000049bc                USBDeviceClass::sendStringDescriptor(unsigned char const*, unsigned long)
 .text._ZN14USBDeviceClass17sendConfigurationEm
                0x0000000000004a20       0x80 /home/projeteea/.cache/arduino/sketches/29421CC1A0C2C8865B6B1C9817F0A8E1/../../cores/arduino_samd_mkrwifi1010_2cde0e999f827566040ed06f956e5881/core.a(USBCore.cpp.o)
                0x0000000000004a20                USBDeviceClass::sendConfiguration(unsigned long)
 .text._ZN14USBDeviceClass14sendDescriptorERN7arduino8USBSetupE
                0x0000000000004aa0       0xd8 /home/projeteea/.cache/arduino/sketches/29421CC1A0C2C8865B6B1C9817F0A8E1/../../cores/arduino_samd_mkrwifi1010_2cde0e999f827566040ed06f956e5881/core.a(USBCore.cpp.o)
                0x0000000000004aa0                USBDeviceClass::sendDescriptor(arduino::USBSetup&)
 .text._ZN14USBDeviceClass7sendZlpEm
                0x0000000000004b78       0x18 /home/projeteea/.cache/arduino/sketches/29421CC1A0C2C8865B6B1C9817F0A8E1/../../cores/arduino_samd_mkrwifi1010_2cde0e999f827566040ed06f956e5881/core.a(USBCore.cpp.o)
                0x0000000000004b78                USBDeviceClass::sendZlp(unsigned long)
 .text._ZN14USBDeviceClass19handleStandardSetupERN7arduino8USBSetupE
                0x0000000000004b90       0xf0 /home/projeteea/.cache/arduino/sketches/29421CC1A0C2C8865B6B1C9817F0A8E1/../../cores/arduino_samd_mkrwifi1010_2cde0e999f827566040ed06f956e5881/core.a(USBCore.cpp.o)
                0x0000000000004b90                USBDeviceClass::handleStandardSetup(arduino::USBSetup&)
 .text._ZN14USBDeviceClass10ISRHandlerEv
                0x0000000000004c80      0x108 /home/projeteea/.cache/arduino/sketches/29421CC1A0C2C8865B6B1C9817F0A8E1/../../cores/arduino_samd_mkrwifi1010_2cde0e999f827566040ed06f956e5881/core.a(USBCore.cpp.o)
                0x0000000000004c80                USBDeviceClass::ISRHandler()
 .text.UDD_Handler
                0x0000000000004d88       0x10 /home/projeteea/.cache/arduino/sketches/29421CC1A0C2C8865B6B1C9817F0A8E1/../../cores/arduino_samd_mkrwifi1010_2cde0e999f827566040ed06f956e5881/core.a(USBCore.cpp.o)
                0x0000000000004d88                UDD_Handler
 .text._ZN7arduino13PluggableUSB_C2Ev
                0x0000000000004d98       0x10 /home/projeteea/.cache/arduino/sketches/29421CC1A0C2C8865B6B1C9817F0A8E1/../../cores/arduino_samd_mkrwifi1010_2cde0e999f827566040ed06f956e5881/core.a(USBCore.cpp.o)
                0x0000000000004d98                arduino::PluggableUSB_::PluggableUSB_()
                0x0000000000004d98                arduino::PluggableUSB_::PluggableUSB_()
 .text._Z8epBufferj
                0x0000000000004da8        0xc /home/projeteea/.cache/arduino/sketches/29421CC1A0C2C8865B6B1C9817F0A8E1/../../cores/arduino_samd_mkrwifi1010_2cde0e999f827566040ed06f956e5881/core.a(USBCore.cpp.o)
                0x0000000000004da8                epBuffer(unsigned int)
 .text._ZN7arduino11RingBufferNILi64EE10store_charEh
                0x0000000000004db4       0x1c /home/projeteea/.cache/arduino/sketches/29421CC1A0C2C8865B6B1C9817F0A8E1/../../cores/arduino_samd_mkrwifi1010_2cde0e999f827566040ed06f956e5881/core.a(USBCore.cpp.o)
                0x0000000000004db4                arduino::RingBufferN<64>::store_char(unsigned char)
 .text._ZN26DoubleBufferedEPOutHandler5_recvEv
                0x0000000000004dd0      0x15e /home/projeteea/.cache/arduino/sketches/29421CC1A0C2C8865B6B1C9817F0A8E1/../../cores/arduino_samd_mkrwifi1010_2cde0e999f827566040ed06f956e5881/core.a(USBCore.cpp.o)
                0x0000000000004dd0                DoubleBufferedEPOutHandler::_recv()
 .text._ZN26DoubleBufferedEPOutHandler9availableEv
                0x0000000000004f2e        0xc /home/projeteea/.cache/arduino/sketches/29421CC1A0C2C8865B6B1C9817F0A8E1/../../cores/arduino_samd_mkrwifi1010_2cde0e999f827566040ed06f956e5881/core.a(USBCore.cpp.o)
                0x0000000000004f2e                DoubleBufferedEPOutHandler::available()
 .text._ZN26DoubleBufferedEPOutHandler4peekEv
                0x0000000000004f3a       0x1c /home/projeteea/.cache/arduino/sketches/29421CC1A0C2C8865B6B1C9817F0A8E1/../../cores/arduino_samd_mkrwifi1010_2cde0e999f827566040ed06f956e5881/core.a(USBCore.cpp.o)
                0x0000000000004f3a                DoubleBufferedEPOutHandler::peek()
 .text._ZN26DoubleBufferedEPOutHandler4recvEPvm
                0x0000000000004f56       0x60 /home/projeteea/.cache/arduino/sketches/29421CC1A0C2C8865B6B1C9817F0A8E1/../../cores/arduino_samd_mkrwifi1010_2cde0e999f827566040ed06f956e5881/core.a(USBCore.cpp.o)
                0x0000000000004f56                DoubleBufferedEPOutHandler::recv(void*, unsigned long)
 *fill*         0x0000000000004fb6        0x2 
 .text.startup._GLOBAL__sub_I_usbd
                0x0000000000004fb8       0x10 /home/projeteea/.cache/arduino/sketches/29421CC1A0C2C8865B6B1C9817F0A8E1/../../cores/arduino_samd_mkrwifi1010_2cde0e999f827566040ed06f956e5881/core.a(USBCore.cpp.o)
 .text._ZN4UartcvbEv
                0x0000000000004fc8        0x4 /home/projeteea/.cache/arduino/sketches/29421CC1A0C2C8865B6B1C9817F0A8E1/../../cores/arduino_samd_mkrwifi1010_2cde0e999f827566040ed06f956e5881/core.a(Uart.cpp.o)
                0x0000000000004fc8                Uart::operator bool()
 .text._ZN4Uart5beginEm
                0x0000000000004fcc       0x10 /home/projeteea/.cache/arduino/sketches/29421CC1A0C2C8865B6B1C9817F0A8E1/../../cores/arduino_samd_mkrwifi1010_2cde0e999f827566040ed06f956e5881/core.a(Uart.cpp.o)
                0x0000000000004fcc                Uart::begin(unsigned long)
 .text._ZN4Uart9availableEv
                0x0000000000004fdc        0x6 /home/projeteea/.cache/arduino/sketches/29421CC1A0C2C8865B6B1C9817F0A8E1/../../cores/arduino_samd_mkrwifi1010_2cde0e999f827566040ed06f956e5881/core.a(Uart.cpp.o)
                0x0000000000004fdc                Uart::available()
 .text._ZN4Uart17availableForWriteEv
                0x0000000000004fe2       0x10 /home/projeteea/.cache/arduino/sketches/29421CC1A0C2C8865B6B1C9817F0A8E1/../../cores/arduino_samd_mkrwifi1010_2cde0e999f827566040ed06f956e5881/core.a(Uart.cpp.o)
                0x0000000000004fe2                Uart::availableForWrite()
 .text._ZN4Uart4peekEv
                0x0000000000004ff2       0x18 /home/projeteea/.cache/arduino/sketches/29421CC1A0C2C8865B6B1C9817F0A8E1/../../cores/arduino_samd_mkrwifi1010_2cde0e999f827566040ed06f956e5881/core.a(Uart.cpp.o)
                0x0000000000004ff2                Uart::peek()
 .text._ZN4Uart3endEv
                0x000000000000500a       0x24 /home/projeteea/.cache/arduino/sketches/29421CC1A0C2C8865B6B1C9817F0A8E1/../../cores/arduino_samd_mkrwifi1010_2cde0e999f827566040ed06f956e5881/core.a(Uart.cpp.o)
                0x000000000000500a                Uart::end()
 .text._ZN4Uart5flushEv
                0x000000000000502e       0x16 /home/projeteea/.cache/arduino/sketches/29421CC1A0C2C8865B6B1C9817F0A8E1/../../cores/arduino_samd_mkrwifi1010_2cde0e999f827566040ed06f956e5881/core.a(Uart.cpp.o)
                0x000000000000502e                Uart::flush()
 .text._ZN4Uart16extractNbStopBitEt
                0x0000000000005044        0xc /home/projeteea/.cache/arduino/sketches/29421CC1A0C2C8865B6B1C9817F0A8E1/../../cores/arduino_samd_mkrwifi1010_2cde0e999f827566040ed06f956e5881/core.a(Uart.cpp.o)
                0x0000000000005044                Uart::extractNbStopBit(unsigned short)
 .text._ZN4Uart15extractCharSizeEt
                0x0000000000005050       0x28 /home/projeteea/.cache/arduino/sketches/29421CC1A0C2C8865B6B1C9817F0A8E1/../../cores/arduino_samd_mkrwifi1010_2cde0e999f827566040ed06f956e5881/core.a(Uart.cpp.o)
                0x0000000000005050                Uart::extractCharSize(unsigned short)
 .text._ZN4Uart13extractParityEt
                0x0000000000005078       0x14 /home/projeteea/.cache/arduino/sketches/29421CC1A0C2C8865B6B1C9817F0A8E1/../../cores/arduino_samd_mkrwifi1010_2cde0e999f827566040ed06f956e5881/core.a(Uart.cpp.o)
                0x0000000000005078                Uart::extractParity(unsigned short)
 .text._ZN4Uart5beginEmt
                0x000000000000508c       0xf8 /home/projeteea/.cache/arduino/sketches/29421CC1A0C2C8865B6B1C9817F0A8E1/../../cores/arduino_samd_mkrwifi1010_2cde0e999f827566040ed06f956e5881/core.a(Uart.cpp.o)
                0x000000000000508c                Uart::begin(unsigned long, unsigned short)
 .text._ZN7arduino11RingBufferNILi256EEC2Ev
                0x0000000000005184       0x1e /home/projeteea/.cache/arduino/sketches/29421CC1A0C2C8865B6B1C9817F0A8E1/../../cores/arduino_samd_mkrwifi1010_2cde0e999f827566040ed06f956e5881/core.a(Uart.cpp.o)
                0x0000000000005184                arduino::RingBufferN<256>::RingBufferN()
                0x0000000000005184                arduino::RingBufferN<256>::RingBufferN()
 *fill*         0x00000000000051a2        0x2 
 .text._ZN4UartC2EP6SERCOMhh11SercomRXPad15SercomUartTXPadhh
                0x00000000000051a4       0x88 /home/projeteea/.cache/arduino/sketches/29421CC1A0C2C8865B6B1C9817F0A8E1/../../cores/arduino_samd_mkrwifi1010_2cde0e999f827566040ed06f956e5881/core.a(Uart.cpp.o)
                0x00000000000051a4                Uart::Uart(SERCOM*, unsigned char, unsigned char, SercomRXPad, SercomUartTXPad, unsigned char, unsigned char)
                0x00000000000051a4                Uart::Uart(SERCOM*, unsigned char, unsigned char, SercomRXPad, SercomUartTXPad, unsigned char, unsigned char)
 .text._ZN4UartC2EP6SERCOMhh11SercomRXPad15SercomUartTXPad
                0x000000000000522c       0x74 /home/projeteea/.cache/arduino/sketches/29421CC1A0C2C8865B6B1C9817F0A8E1/../../cores/arduino_samd_mkrwifi1010_2cde0e999f827566040ed06f956e5881/core.a(Uart.cpp.o)
                0x000000000000522c                Uart::Uart(SERCOM*, unsigned char, unsigned char, SercomRXPad, SercomUartTXPad)
                0x000000000000522c                Uart::Uart(SERCOM*, unsigned char, unsigned char, SercomRXPad, SercomUartTXPad)
 .text._ZN7arduino15SafeRingBufferNILi256EE10store_charEh
                0x00000000000052a0       0x4a /home/projeteea/.cache/arduino/sketches/29421CC1A0C2C8865B6B1C9817F0A8E1/../../cores/arduino_samd_mkrwifi1010_2cde0e999f827566040ed06f956e5881/core.a(Uart.cpp.o)
                0x00000000000052a0                arduino::SafeRingBufferN<256>::store_char(unsigned char)
 .text._ZN7arduino15SafeRingBufferNILi256EE9read_charEv
                0x00000000000052ea       0x50 /home/projeteea/.cache/arduino/sketches/29421CC1A0C2C8865B6B1C9817F0A8E1/../../cores/arduino_samd_mkrwifi1010_2cde0e999f827566040ed06f956e5881/core.a(Uart.cpp.o)
                0x00000000000052ea                arduino::SafeRingBufferN<256>::read_char()
 .text._ZN4Uart10IrqHandlerEv
                0x000000000000533a       0xa4 /home/projeteea/.cache/arduino/sketches/29421CC1A0C2C8865B6B1C9817F0A8E1/../../cores/arduino_samd_mkrwifi1010_2cde0e999f827566040ed06f956e5881/core.a(Uart.cpp.o)
                0x000000000000533a                Uart::IrqHandler()
 *fill*         0x00000000000053de        0x2 
 .text._ZN4Uart5writeEh
                0x00000000000053e0       0x9c /home/projeteea/.cache/arduino/sketches/29421CC1A0C2C8865B6B1C9817F0A8E1/../../cores/arduino_samd_mkrwifi1010_2cde0e999f827566040ed06f956e5881/core.a(Uart.cpp.o)
                0x00000000000053e0                Uart::write(unsigned char)
 .text._ZN4Uart4readEv
                0x000000000000547c       0x34 /home/projeteea/.cache/arduino/sketches/29421CC1A0C2C8865B6B1C9817F0A8E1/../../cores/arduino_samd_mkrwifi1010_2cde0e999f827566040ed06f956e5881/core.a(Uart.cpp.o)
                0x000000000000547c                Uart::read()
 .text._ZNK7arduino9IPAddress7printToERNS_5PrintE
                0x00000000000054b0       0x44 /home/projeteea/.cache/arduino/sketches/29421CC1A0C2C8865B6B1C9817F0A8E1/../../cores/arduino_samd_mkrwifi1010_2cde0e999f827566040ed06f956e5881/core.a(IPAddress.cpp.o)
                0x00000000000054b0                arduino::IPAddress::printTo(arduino::Print&) const
 .text._ZN7arduino9IPAddressC2Ev
                0x00000000000054f4       0x10 /home/projeteea/.cache/arduino/sketches/29421CC1A0C2C8865B6B1C9817F0A8E1/../../cores/arduino_samd_mkrwifi1010_2cde0e999f827566040ed06f956e5881/core.a(IPAddress.cpp.o)
                0x00000000000054f4                arduino::IPAddress::IPAddress()
                0x00000000000054f4                arduino::IPAddress::IPAddress()
 .text._ZN7arduino9IPAddressC2Ehhhh
                0x0000000000005504       0x1c /home/projeteea/.cache/arduino/sketches/29421CC1A0C2C8865B6B1C9817F0A8E1/../../cores/arduino_samd_mkrwifi1010_2cde0e999f827566040ed06f956e5881/core.a(IPAddress.cpp.o)
                0x0000000000005504                arduino::IPAddress::IPAddress(unsigned char, unsigned char, unsigned char, unsigned char)
                0x0000000000005504                arduino::IPAddress::IPAddress(unsigned char, unsigned char, unsigned char, unsigned char)
 .text._ZN7arduino9IPAddressC2EPKh
                0x0000000000005520       0x18 /home/projeteea/.cache/arduino/sketches/29421CC1A0C2C8865B6B1C9817F0A8E1/../../cores/arduino_samd_mkrwifi1010_2cde0e999f827566040ed06f956e5881/core.a(IPAddress.cpp.o)
                0x0000000000005520                arduino::IPAddress::IPAddress(unsigned char const*)
                0x0000000000005520                arduino::IPAddress::IPAddress(unsigned char const*)
 .text._ZN7arduino9IPAddressaSEPKh
                0x0000000000005538       0x10 /home/projeteea/.cache/arduino/sketches/29421CC1A0C2C8865B6B1C9817F0A8E1/../../cores/arduino_samd_mkrwifi1010_2cde0e999f827566040ed06f956e5881/core.a(IPAddress.cpp.o)
                0x0000000000005538                arduino::IPAddress::operator=(unsigned char const*)
 .text.startup._GLOBAL__sub_I__ZN7arduino9IPAddressC2Ev
                0x0000000000005548       0x18 /home/projeteea/.cache/arduino/sketches/29421CC1A0C2C8865B6B1C9817F0A8E1/../../cores/arduino_samd_mkrwifi1010_2cde0e999f827566040ed06f956e5881/core.a(IPAddress.cpp.o)
 .text._ZN7arduino13PluggableUSB_12getInterfaceEPh
                0x0000000000005560       0x28 /home/projeteea/.cache/arduino/sketches/29421CC1A0C2C8865B6B1C9817F0A8E1/../../cores/arduino_samd_mkrwifi1010_2cde0e999f827566040ed06f956e5881/core.a(PluggableUSB.cpp.o)
                0x0000000000005560                arduino::PluggableUSB_::getInterface(unsigned char*)
 .text._ZN7arduino13PluggableUSB_13getDescriptorERNS_8USBSetupE
                0x0000000000005588       0x20 /home/projeteea/.cache/arduino/sketches/29421CC1A0C2C8865B6B1C9817F0A8E1/../../cores/arduino_samd_mkrwifi1010_2cde0e999f827566040ed06f956e5881/core.a(PluggableUSB.cpp.o)
                0x0000000000005588                arduino::PluggableUSB_::getDescriptor(arduino::USBSetup&)
 .text._ZN7arduino13PluggableUSB_12getShortNameEPc
                0x00000000000055a8       0x1e /home/projeteea/.cache/arduino/sketches/29421CC1A0C2C8865B6B1C9817F0A8E1/../../cores/arduino_samd_mkrwifi1010_2cde0e999f827566040ed06f956e5881/core.a(PluggableUSB.cpp.o)
                0x00000000000055a8                arduino::PluggableUSB_::getShortName(char*)
 .text._ZN7arduino13PluggableUSB_5setupERNS_8USBSetupE
                0x00000000000055c6       0x20 /home/projeteea/.cache/arduino/sketches/29421CC1A0C2C8865B6B1C9817F0A8E1/../../cores/arduino_samd_mkrwifi1010_2cde0e999f827566040ed06f956e5881/core.a(PluggableUSB.cpp.o)
                0x00000000000055c6                arduino::PluggableUSB_::setup(arduino::USBSetup&)
 .text._ZN7arduino13PluggableUSB_4plugEPNS_18PluggableUSBModuleE
                0x00000000000055e6       0x5c /home/projeteea/.cache/arduino/sketches/29421CC1A0C2C8865B6B1C9817F0A8E1/../../cores/arduino_samd_mkrwifi1010_2cde0e999f827566040ed06f956e5881/core.a(PluggableUSB.cpp.o)
                0x00000000000055e6                arduino::PluggableUSB_::plug(arduino::PluggableUSBModule*)
 *fill*         0x0000000000005642        0x2 
 .text._Z12PluggableUSBv
                0x0000000000005644       0x24 /home/projeteea/.cache/arduino/sketches/29421CC1A0C2C8865B6B1C9817F0A8E1/../../cores/arduino_samd_mkrwifi1010_2cde0e999f827566040ed06f956e5881/core.a(PluggableUSB.cpp.o)
                0x0000000000005644                PluggableUSB()
 .text._ZN7arduino5Print5writeEPKhj
                0x0000000000005668       0x28 /home/projeteea/.cache/arduino/sketches/29421CC1A0C2C8865B6B1C9817F0A8E1/../../cores/arduino_samd_mkrwifi1010_2cde0e999f827566040ed06f956e5881/core.a(Print.cpp.o)
                0x0000000000005668                arduino::Print::write(unsigned char const*, unsigned int)
 .text._ZN7arduino5Print5writeEPKc.part.2
                0x0000000000005690       0x1a /home/projeteea/.cache/arduino/sketches/29421CC1A0C2C8865B6B1C9817F0A8E1/../../cores/arduino_samd_mkrwifi1010_2cde0e999f827566040ed06f956e5881/core.a(Print.cpp.o)
 .text._ZN7arduino5Print5writeEPKc
                0x00000000000056aa       0x10 /home/projeteea/.cache/arduino/sketches/29421CC1A0C2C8865B6B1C9817F0A8E1/../../cores/arduino_samd_mkrwifi1010_2cde0e999f827566040ed06f956e5881/core.a(Print.cpp.o)
                0x00000000000056aa                arduino::Print::write(char const*)
 .text._ZN7arduino5Print5printERKNS_6StringE
                0x00000000000056ba        0xe /home/projeteea/.cache/arduino/sketches/29421CC1A0C2C8865B6B1C9817F0A8E1/../../cores/arduino_samd_mkrwifi1010_2cde0e999f827566040ed06f956e5881/core.a(Print.cpp.o)
                0x00000000000056ba                arduino::Print::print(arduino::String const&)
 .text._ZN7arduino5Print5printEPKc
                0x00000000000056c8        0x8 /home/projeteea/.cache/arduino/sketches/29421CC1A0C2C8865B6B1C9817F0A8E1/../../cores/arduino_samd_mkrwifi1010_2cde0e999f827566040ed06f956e5881/core.a(Print.cpp.o)
                0x00000000000056c8                arduino::Print::print(char const*)
 .text._ZN7arduino5Print5printEc
                0x00000000000056d0        0xa /home/projeteea/.cache/arduino/sketches/29421CC1A0C2C8865B6B1C9817F0A8E1/../../cores/arduino_samd_mkrwifi1010_2cde0e999f827566040ed06f956e5881/core.a(Print.cpp.o)
                0x00000000000056d0                arduino::Print::print(char)
 .text._ZN7arduino5Print5printERKNS_9PrintableE
                0x00000000000056da       0x10 /home/projeteea/.cache/arduino/sketches/29421CC1A0C2C8865B6B1C9817F0A8E1/../../cores/arduino_samd_mkrwifi1010_2cde0e999f827566040ed06f956e5881/core.a(Print.cpp.o)
                0x00000000000056da                arduino::Print::print(arduino::Printable const&)
 *fill*         0x00000000000056ea        0x2 
 .text._ZN7arduino5Print7printlnEv
                0x00000000000056ec       0x10 /home/projeteea/.cache/arduino/sketches/29421CC1A0C2C8865B6B1C9817F0A8E1/../../cores/arduino_samd_mkrwifi1010_2cde0e999f827566040ed06f956e5881/core.a(Print.cpp.o)
                0x00000000000056ec                arduino::Print::println()
 .text._ZN7arduino5Print7printlnEPKc
                0x00000000000056fc       0x14 /home/projeteea/.cache/arduino/sketches/29421CC1A0C2C8865B6B1C9817F0A8E1/../../cores/arduino_samd_mkrwifi1010_2cde0e999f827566040ed06f956e5881/core.a(Print.cpp.o)
                0x00000000000056fc                arduino::Print::println(char const*)
 .text._ZN7arduino5Print7printlnERKNS_9PrintableE
                0x0000000000005710       0x14 /home/projeteea/.cache/arduino/sketches/29421CC1A0C2C8865B6B1C9817F0A8E1/../../cores/arduino_samd_mkrwifi1010_2cde0e999f827566040ed06f956e5881/core.a(Print.cpp.o)
                0x0000000000005710                arduino::Print::println(arduino::Printable const&)
 .text._ZN7arduino5Print11printNumberEmh
                0x0000000000005724       0x48 /home/projeteea/.cache/arduino/sketches/29421CC1A0C2C8865B6B1C9817F0A8E1/../../cores/arduino_samd_mkrwifi1010_2cde0e999f827566040ed06f956e5881/core.a(Print.cpp.o)
                0x0000000000005724                arduino::Print::printNumber(unsigned long, unsigned char)
 .text._ZN7arduino5Print5printEli
                0x000000000000576c       0x3e /home/projeteea/.cache/arduino/sketches/29421CC1A0C2C8865B6B1C9817F0A8E1/../../cores/arduino_samd_mkrwifi1010_2cde0e999f827566040ed06f956e5881/core.a(Print.cpp.o)
                0x000000000000576c                arduino::Print::print(long, int)
 .text._ZN7arduino5Print7printlnEii
                0x00000000000057aa       0x14 /home/projeteea/.cache/arduino/sketches/29421CC1A0C2C8865B6B1C9817F0A8E1/../../cores/arduino_samd_mkrwifi1010_2cde0e999f827566040ed06f956e5881/core.a(Print.cpp.o)
                0x00000000000057aa                arduino::Print::println(int, int)
 .text._ZN7arduino5Print5printEmi
                0x00000000000057be       0x18 /home/projeteea/.cache/arduino/sketches/29421CC1A0C2C8865B6B1C9817F0A8E1/../../cores/arduino_samd_mkrwifi1010_2cde0e999f827566040ed06f956e5881/core.a(Print.cpp.o)
                0x00000000000057be                arduino::Print::print(unsigned long, int)
 .text._ZN7arduino5Print5printEhi
                0x00000000000057d6        0x8 /home/projeteea/.cache/arduino/sketches/29421CC1A0C2C8865B6B1C9817F0A8E1/../../cores/arduino_samd_mkrwifi1010_2cde0e999f827566040ed06f956e5881/core.a(Print.cpp.o)
                0x00000000000057d6                arduino::Print::print(unsigned char, int)
 .text._ZN7arduino6StringD2Ev
                0x00000000000057de       0x12 /home/projeteea/.cache/arduino/sketches/29421CC1A0C2C8865B6B1C9817F0A8E1/../../cores/arduino_samd_mkrwifi1010_2cde0e999f827566040ed06f956e5881/core.a(String.cpp.o)
                0x00000000000057de                arduino::String::~String()
                0x00000000000057de                arduino::String::~String()
 .text._ZN7arduino6String10invalidateEv
                0x00000000000057f0       0x18 /home/projeteea/.cache/arduino/sketches/29421CC1A0C2C8865B6B1C9817F0A8E1/../../cores/arduino_samd_mkrwifi1010_2cde0e999f827566040ed06f956e5881/core.a(String.cpp.o)
                0x00000000000057f0                arduino::String::invalidate()
 .text._ZN7arduino6String12changeBufferEj
                0x0000000000005808       0x18 /home/projeteea/.cache/arduino/sketches/29421CC1A0C2C8865B6B1C9817F0A8E1/../../cores/arduino_samd_mkrwifi1010_2cde0e999f827566040ed06f956e5881/core.a(String.cpp.o)
                0x0000000000005808                arduino::String::changeBuffer(unsigned int)
 .text._ZN7arduino6String7reserveEj
                0x0000000000005820       0x2a /home/projeteea/.cache/arduino/sketches/29421CC1A0C2C8865B6B1C9817F0A8E1/../../cores/arduino_samd_mkrwifi1010_2cde0e999f827566040ed06f956e5881/core.a(String.cpp.o)
                0x0000000000005820                arduino::String::reserve(unsigned int)
 .text._ZN7arduino6String4copyEPKcj
                0x000000000000584a       0x32 /home/projeteea/.cache/arduino/sketches/29421CC1A0C2C8865B6B1C9817F0A8E1/../../cores/arduino_samd_mkrwifi1010_2cde0e999f827566040ed06f956e5881/core.a(String.cpp.o)
                0x000000000000584a                arduino::String::copy(char const*, unsigned int)
 .text._ZN7arduino6StringC2EPKc
                0x000000000000587c       0x26 /home/projeteea/.cache/arduino/sketches/29421CC1A0C2C8865B6B1C9817F0A8E1/../../cores/arduino_samd_mkrwifi1010_2cde0e999f827566040ed06f956e5881/core.a(String.cpp.o)
                0x000000000000587c                arduino::String::String(char const*)
                0x000000000000587c                arduino::String::String(char const*)
 .text._ZN7arduino6StringaSERKS0_
                0x00000000000058a2       0x20 /home/projeteea/.cache/arduino/sketches/29421CC1A0C2C8865B6B1C9817F0A8E1/../../cores/arduino_samd_mkrwifi1010_2cde0e999f827566040ed06f956e5881/core.a(String.cpp.o)
                0x00000000000058a2                arduino::String::operator=(arduino::String const&)
 .text._ZN7arduino6StringC2ERKS0_
                0x00000000000058c2       0x14 /home/projeteea/.cache/arduino/sketches/29421CC1A0C2C8865B6B1C9817F0A8E1/../../cores/arduino_samd_mkrwifi1010_2cde0e999f827566040ed06f956e5881/core.a(String.cpp.o)
                0x00000000000058c2                arduino::String::String(arduino::String const&)
                0x00000000000058c2                arduino::String::String(arduino::String const&)
 .text._ZN7arduino6String6concatEPKcj
                0x00000000000058d6       0x42 /home/projeteea/.cache/arduino/sketches/29421CC1A0C2C8865B6B1C9817F0A8E1/../../cores/arduino_samd_mkrwifi1010_2cde0e999f827566040ed06f956e5881/core.a(String.cpp.o)
                0x00000000000058d6                arduino::String::concat(char const*, unsigned int)
 .text._ZN7arduino6String6concatERKS0_
                0x0000000000005918        0xc /home/projeteea/.cache/arduino/sketches/29421CC1A0C2C8865B6B1C9817F0A8E1/../../cores/arduino_samd_mkrwifi1010_2cde0e999f827566040ed06f956e5881/core.a(String.cpp.o)
                0x0000000000005918                arduino::String::concat(arduino::String const&)
 .text._ZN7arduino6String6concatEPKc.part.6
                0x0000000000005924       0x18 /home/projeteea/.cache/arduino/sketches/29421CC1A0C2C8865B6B1C9817F0A8E1/../../cores/arduino_samd_mkrwifi1010_2cde0e999f827566040ed06f956e5881/core.a(String.cpp.o)
 .text._ZN7arduino6String6concatEPKc
                0x000000000000593c       0x12 /home/projeteea/.cache/arduino/sketches/29421CC1A0C2C8865B6B1C9817F0A8E1/../../cores/arduino_samd_mkrwifi1010_2cde0e999f827566040ed06f956e5881/core.a(String.cpp.o)
                0x000000000000593c                arduino::String::concat(char const*)
 .text._ZN7arduino6String6concatEj
                0x000000000000594e       0x1a /home/projeteea/.cache/arduino/sketches/29421CC1A0C2C8865B6B1C9817F0A8E1/../../cores/arduino_samd_mkrwifi1010_2cde0e999f827566040ed06f956e5881/core.a(String.cpp.o)
                0x000000000000594e                arduino::String::concat(unsigned int)
 .text._ZN7arduino6String6concatEm
                0x0000000000005968       0x1a /home/projeteea/.cache/arduino/sketches/29421CC1A0C2C8865B6B1C9817F0A8E1/../../cores/arduino_samd_mkrwifi1010_2cde0e999f827566040ed06f956e5881/core.a(String.cpp.o)
                0x0000000000005968                arduino::String::concat(unsigned long)
 .text.Dummy_Handler
                0x0000000000005982        0x2 /home/projeteea/.cache/arduino/sketches/29421CC1A0C2C8865B6B1C9817F0A8E1/../../cores/arduino_samd_mkrwifi1010_2cde0e999f827566040ed06f956e5881/core.a(cortex_handlers.c.o)
                0x0000000000005982                DMAC_Handler
                0x0000000000005982                HardFault_Handler
                0x0000000000005982                AC_Handler
                0x0000000000005982                PendSV_Handler
                0x0000000000005982                NMI_Handler
                0x0000000000005982                TC7_Handler
                0x0000000000005982                SERCOM1_Handler
                0x0000000000005982                ADC_Handler
                0x0000000000005982                TCC1_Handler
                0x0000000000005982                SERCOM2_Handler
                0x0000000000005982                TCC0_Handler
                0x0000000000005982                RTC_Handler
                0x0000000000005982                EIC_Handler
                0x0000000000005982                TC6_Handler
                0x0000000000005982                WDT_Handler
                0x0000000000005982                TC4_Handler
                0x0000000000005982                TC3_Handler
                0x0000000000005982                Dummy_Handler
                0x0000000000005982                PM_Handler
                0x0000000000005982                SVC_Handler
                0x0000000000005982                TCC2_Handler
                0x0000000000005982                EVSYS_Handler
                0x0000000000005982                SERCOM3_Handler
                0x0000000000005982                I2S_Handler
                0x0000000000005982                NVMCTRL_Handler
                0x0000000000005982                SERCOM0_Handler
                0x0000000000005982                DAC_Handler
                0x0000000000005982                PTC_Handler
                0x0000000000005982                SYSCTRL_Handler
 .text.USB_Handler
                0x0000000000005984       0x14 /home/projeteea/.cache/arduino/sketches/29421CC1A0C2C8865B6B1C9817F0A8E1/../../cores/arduino_samd_mkrwifi1010_2cde0e999f827566040ed06f956e5881/core.a(cortex_handlers.c.o)
                0x0000000000005984                USB_Handler
 .text.Reset_Handler
                0x0000000000005998       0x54 /home/projeteea/.cache/arduino/sketches/29421CC1A0C2C8865B6B1C9817F0A8E1/../../cores/arduino_samd_mkrwifi1010_2cde0e999f827566040ed06f956e5881/core.a(cortex_handlers.c.o)
                0x0000000000005998                Reset_Handler
 .text.SysTick_Handler
                0x00000000000059ec       0x10 /home/projeteea/.cache/arduino/sketches/29421CC1A0C2C8865B6B1C9817F0A8E1/../../cores/arduino_samd_mkrwifi1010_2cde0e999f827566040ed06f956e5881/core.a(cortex_handlers.c.o)
                0x00000000000059ec                SysTick_Handler
 .text.USB_SetHandler
                0x00000000000059fc        0xc /home/projeteea/.cache/arduino/sketches/29421CC1A0C2C8865B6B1C9817F0A8E1/../../cores/arduino_samd_mkrwifi1010_2cde0e999f827566040ed06f956e5881/core.a(cortex_handlers.c.o)
                0x00000000000059fc                USB_SetHandler
 .text.millis   0x0000000000005a08        0xc /home/projeteea/.cache/arduino/sketches/29421CC1A0C2C8865B6B1C9817F0A8E1/../../cores/arduino_samd_mkrwifi1010_2cde0e999f827566040ed06f956e5881/core.a(delay.c.o)
                0x0000000000005a08                millis
 .text.micros   0x0000000000005a14       0x60 /home/projeteea/.cache/arduino/sketches/29421CC1A0C2C8865B6B1C9817F0A8E1/../../cores/arduino_samd_mkrwifi1010_2cde0e999f827566040ed06f956e5881/core.a(delay.c.o)
                0x0000000000005a14                micros
 .text.delay    0x0000000000005a74       0x30 /home/projeteea/.cache/arduino/sketches/29421CC1A0C2C8865B6B1C9817F0A8E1/../../cores/arduino_samd_mkrwifi1010_2cde0e999f827566040ed06f956e5881/core.a(delay.c.o)
                0x0000000000005a74                delay
 .text.SysTick_DefaultHandler
                0x0000000000005aa4       0x14 /home/projeteea/.cache/arduino/sketches/29421CC1A0C2C8865B6B1C9817F0A8E1/../../cores/arduino_samd_mkrwifi1010_2cde0e999f827566040ed06f956e5881/core.a(delay.c.o)
                0x0000000000005aa4                SysTick_DefaultHandler
 .text.__empty  0x0000000000005ab8        0x2 /home/projeteea/.cache/arduino/sketches/29421CC1A0C2C8865B6B1C9817F0A8E1/../../cores/arduino_samd_mkrwifi1010_2cde0e999f827566040ed06f956e5881/core.a(hooks.c.o)
                0x0000000000005ab8                yield
 .text.__false  0x0000000000005aba        0x4 /home/projeteea/.cache/arduino/sketches/29421CC1A0C2C8865B6B1C9817F0A8E1/../../cores/arduino_samd_mkrwifi1010_2cde0e999f827566040ed06f956e5881/core.a(hooks.c.o)
                0x0000000000005aba                sysTickHook
 .text.ultoa    0x0000000000005abe       0x56 /home/projeteea/.cache/arduino/sketches/29421CC1A0C2C8865B6B1C9817F0A8E1/../../cores/arduino_samd_mkrwifi1010_2cde0e999f827566040ed06f956e5881/core.a(itoa.c.o)
                0x0000000000005abe                ultoa
 .text.utoa     0x0000000000005b14        0x8 /home/projeteea/.cache/arduino/sketches/29421CC1A0C2C8865B6B1C9817F0A8E1/../../cores/arduino_samd_mkrwifi1010_2cde0e999f827566040ed06f956e5881/core.a(itoa.c.o)
                0x0000000000005b14                utoa
 .text.startup.main
                0x0000000000005b1c       0x40 /home/projeteea/.cache/arduino/sketches/29421CC1A0C2C8865B6B1C9817F0A8E1/../../cores/arduino_samd_mkrwifi1010_2cde0e999f827566040ed06f956e5881/core.a(main.cpp.o)
                0x0000000000005b1c                main
 .text._Znwj    0x0000000000005b5c        0x8 /home/projeteea/.cache/arduino/sketches/29421CC1A0C2C8865B6B1C9817F0A8E1/../../cores/arduino_samd_mkrwifi1010_2cde0e999f827566040ed06f956e5881/core.a(new.cpp.o)
                0x0000000000005b5c                operator new(unsigned int)
 .text._ZdlPv   0x0000000000005b64        0x8 /home/projeteea/.cache/arduino/sketches/29421CC1A0C2C8865B6B1C9817F0A8E1/../../cores/arduino_samd_mkrwifi1010_2cde0e999f827566040ed06f956e5881/core.a(new.cpp.o)
                0x0000000000005b64                operator delete(void*)
 .text.SystemInit
                0x0000000000005b6c      0x160 /home/projeteea/.cache/arduino/sketches/29421CC1A0C2C8865B6B1C9817F0A8E1/../../cores/arduino_samd_mkrwifi1010_2cde0e999f827566040ed06f956e5881/core.a(startup.c.o)
                0x0000000000005b6c                SystemInit
 .text.init     0x0000000000005ccc       0xf0 /home/projeteea/.cache/arduino/sketches/29421CC1A0C2C8865B6B1C9817F0A8E1/../../cores/arduino_samd_mkrwifi1010_2cde0e999f827566040ed06f956e5881/core.a(wiring.c.o)
                0x0000000000005ccc                init
 .text.mapResolution
                0x0000000000005dbc       0x12 /home/projeteea/.cache/arduino/sketches/29421CC1A0C2C8865B6B1C9817F0A8E1/../../cores/arduino_samd_mkrwifi1010_2cde0e999f827566040ed06f956e5881/core.a(wiring_analog.c.o)
 *fill*         0x0000000000005dce        0x2 
 .text.analogReference
                0x0000000000005dd0       0x64 /home/projeteea/.cache/arduino/sketches/29421CC1A0C2C8865B6B1C9817F0A8E1/../../cores/arduino_samd_mkrwifi1010_2cde0e999f827566040ed06f956e5881/core.a(wiring_analog.c.o)
                0x0000000000005dd0                analogReference
 .text.analogRead
                0x0000000000005e34       0xdc /home/projeteea/.cache/arduino/sketches/29421CC1A0C2C8865B6B1C9817F0A8E1/../../cores/arduino_samd_mkrwifi1010_2cde0e999f827566040ed06f956e5881/core.a(wiring_analog.c.o)
                0x0000000000005e34                analogRead
 .text.pinMode  0x0000000000005f10       0x98 /home/projeteea/.cache/arduino/sketches/29421CC1A0C2C8865B6B1C9817F0A8E1/../../cores/arduino_samd_mkrwifi1010_2cde0e999f827566040ed06f956e5881/core.a(wiring_digital.c.o)
                0x0000000000005f10                pinMode
 .text.digitalWrite
                0x0000000000005fa8       0x58 /home/projeteea/.cache/arduino/sketches/29421CC1A0C2C8865B6B1C9817F0A8E1/../../cores/arduino_samd_mkrwifi1010_2cde0e999f827566040ed06f956e5881/core.a(wiring_digital.c.o)
                0x0000000000005fa8                digitalWrite
 .text.digitalRead
                0x0000000000006000       0x30 /home/projeteea/.cache/arduino/sketches/29421CC1A0C2C8865B6B1C9817F0A8E1/../../cores/arduino_samd_mkrwifi1010_2cde0e999f827566040ed06f956e5881/core.a(wiring_digital.c.o)
                0x0000000000006000                digitalRead
 .text.pinPeripheral
                0x0000000000006030       0xc0 /home/projeteea/.cache/arduino/sketches/29421CC1A0C2C8865B6B1C9817F0A8E1/../../cores/arduino_samd_mkrwifi1010_2cde0e999f827566040ed06f956e5881/core.a(wiring_private.c.o)